
  Detour.vcxproj -> I:\TrinityCore\_integration-all-systems\build\dep\recastnavigation\Detour\RelWithDebInfo\Detour.lib
  argon2.vcxproj -> I:\TrinityCore\_integration-all-systems\build\dep\argon2\RelWithDebInfo\argon2.lib
  Recast.vcxproj -> I:\TrinityCore\_integration-all-systems\build\dep\recastnavigation\Recast\RelWithDebInfo\Recast.lib
  gsoap.vcxproj -> I:\TrinityCore\_integration-all-systems\build\dep\gsoap\RelWithDebInfo\gsoap.lib
  fmt.vcxproj -> I:\TrinityCore\_integration-all-systems\build\dep\fmt\RelWithDebInfo\fmt.lib
  sfmt.vcxproj -> I:\TrinityCore\_integration-all-systems\build\dep\SFMT\RelWithDebInfo\sfmt.lib
  zlib.vcxproj -> I:\TrinityCore\_integration-all-systems\build\dep\zlib\RelWithDebInfo\zlib.lib
  openssl_ed25519.vcxproj -> I:\TrinityCore\_integration-all-systems\build\bin\RelWithDebInfo\openssl_ed25519.dll
  protobuf.vcxproj -> I:\TrinityCore\_integration-all-systems\build\dep\protobuf\RelWithDebInfo\protobuf.lib
  g3dlib.vcxproj -> I:\TrinityCore\_integration-all-systems\build\dep\g3dlite\RelWithDebInfo\g3dlib.lib
  GitRevision.cpp
  common.vcxproj -> I:\TrinityCore\_integration-all-systems\build\src\common\RelWithDebInfo\common.lib
  mmaps_common.vcxproj -> I:\TrinityCore\_integration-all-systems\build\src\common\mmaps_common\RelWithDebInfo\mmaps_common.lib
  database.vcxproj -> I:\TrinityCore\_integration-all-systems\build\src\server\database\RelWithDebInfo\database.lib
  network.vcxproj -> I:\TrinityCore\_integration-all-systems\build\src\common\network\RelWithDebInfo\trinity_network.lib
  proto.vcxproj -> I:\TrinityCore\_integration-all-systems\build\src\server\proto\RelWithDebInfo\proto.lib
  shared.vcxproj -> I:\TrinityCore\_integration-all-systems\build\src\server\shared\RelWithDebInfo\shared.lib
  game.vcxproj -> I:\TrinityCore\_integration-all-systems\build\src\server\game\RelWithDebInfo\game.lib
  artifact_deathknight.cpp
  artifact_demonhunter.cpp
  artifact_druid.cpp
  artifact_mage.cpp
  artifact_monk.cpp
  artifact_paladin.cpp
  artifact_priest.cpp
  artifact_rogue.cpp
  artifact_shaman.cpp
  artifact_warlock.cpp
  artifact_warrior.cpp
I:\TrinityCore\_integration-all-systems\src\server\scripts\BrokenIsles\Orderhalls\orderhall_artifact_common.h(79,34): error C2660: 'SceneMgr::PlaySceneByPackageId': function does not take 1 arguments [I:\TrinityCore\_integration-all-systems\build\src\server\scripts\scripts.vcxproj]
  (compiling source file '../../../../src/server/scripts/BrokenIsles/Orderhalls/artifact_mage.cpp')
      I:\TrinityCore\_integration-all-systems\src\server\game\Entities\Player\SceneMgr.h(48,12):
      see declaration of 'SceneMgr::PlaySceneByPackageId'
      I:\TrinityCore\_integration-all-systems\src\server\scripts\BrokenIsles\Orderhalls\orderhall_artifact_common.h(79,34):
      while trying to match the argument list '(uint32)'
  
I:\TrinityCore\_integration-all-systems\src\server\scripts\BrokenIsles\Orderhalls\orderhall_artifact_common.h(79,34): error C2660: 'SceneMgr::PlaySceneByPackageId': function does not take 1 arguments [I:\TrinityCore\_integration-all-systems\build\src\server\scripts\scripts.vcxproj]
  (compiling source file '../../../../src/server/scripts/BrokenIsles/Orderhalls/artifact_demonhunter.cpp')
      I:\TrinityCore\_integration-all-systems\src\server\game\Entities\Player\SceneMgr.h(48,12):
      see declaration of 'SceneMgr::PlaySceneByPackageId'
      I:\TrinityCore\_integration-all-systems\src\server\scripts\BrokenIsles\Orderhalls\orderhall_artifact_common.h(79,34):
      while trying to match the argument list '(uint32)'
  
I:\TrinityCore\_integration-all-systems\src\server\scripts\BrokenIsles\Orderhalls\orderhall_artifact_common.h(79,34): error C2660: 'SceneMgr::PlaySceneByPackageId': function does not take 1 arguments [I:\TrinityCore\_integration-all-systems\build\src\server\scripts\scripts.vcxproj]
  (compiling source file '../../../../src/server/scripts/BrokenIsles/Orderhalls/artifact_rogue.cpp')
      I:\TrinityCore\_integration-all-systems\src\server\game\Entities\Player\SceneMgr.h(48,12):
      see declaration of 'SceneMgr::PlaySceneByPackageId'
      I:\TrinityCore\_integration-all-systems\src\server\scripts\BrokenIsles\Orderhalls\orderhall_artifact_common.h(79,34):
      while trying to match the argument list '(uint32)'
  
I:\TrinityCore\_integration-all-systems\src\server\scripts\BrokenIsles\Orderhalls\orderhall_artifact_common.h(79,34): error C2660: 'SceneMgr::PlaySceneByPackageId': function does not take 1 arguments [I:\TrinityCore\_integration-all-systems\build\src\server\scripts\scripts.vcxproj]
  (compiling source file '../../../../src/server/scripts/BrokenIsles/Orderhalls/artifact_priest.cpp')
      I:\TrinityCore\_integration-all-systems\src\server\game\Entities\Player\SceneMgr.h(48,12):
      see declaration of 'SceneMgr::PlaySceneByPackageId'
      I:\TrinityCore\_integration-all-systems\src\server\scripts\BrokenIsles\Orderhalls\orderhall_artifact_common.h(79,34):
      while trying to match the argument list '(uint32)'
  
I:\TrinityCore\_integration-all-systems\src\server\scripts\BrokenIsles\Orderhalls\orderhall_artifact_common.h(79,34): error C2660: 'SceneMgr::PlaySceneByPackageId': function does not take 1 arguments [I:\TrinityCore\_integration-all-systems\build\src\server\scripts\scripts.vcxproj]
  (compiling source file '../../../../src/server/scripts/BrokenIsles/Orderhalls/artifact_monk.cpp')
      I:\TrinityCore\_integration-all-systems\src\server\game\Entities\Player\SceneMgr.h(48,12):
      see declaration of 'SceneMgr::PlaySceneByPackageId'
      I:\TrinityCore\_integration-all-systems\src\server\scripts\BrokenIsles\Orderhalls\orderhall_artifact_common.h(79,34):
      while trying to match the argument list '(uint32)'
  
I:\TrinityCore\_integration-all-systems\src\server\scripts\BrokenIsles\Orderhalls\orderhall_artifact_common.h(79,34): error C2660: 'SceneMgr::PlaySceneByPackageId': function does not take 1 arguments [I:\TrinityCore\_integration-all-systems\build\src\server\scripts\scripts.vcxproj]
  (compiling source file '../../../../src/server/scripts/BrokenIsles/Orderhalls/artifact_shaman.cpp')
      I:\TrinityCore\_integration-all-systems\src\server\game\Entities\Player\SceneMgr.h(48,12):
      see declaration of 'SceneMgr::PlaySceneByPackageId'
      I:\TrinityCore\_integration-all-systems\src\server\scripts\BrokenIsles\Orderhalls\orderhall_artifact_common.h(79,34):
      while trying to match the argument list '(uint32)'
  
I:\TrinityCore\_integration-all-systems\src\server\scripts\BrokenIsles\Orderhalls\orderhall_artifact_common.h(79,34): error C2660: 'SceneMgr::PlaySceneByPackageId': function does not take 1 arguments [I:\TrinityCore\_integration-all-systems\build\src\server\scripts\scripts.vcxproj]
  (compiling source file '../../../../src/server/scripts/BrokenIsles/Orderhalls/artifact_warlock.cpp')
      I:\TrinityCore\_integration-all-systems\src\server\game\Entities\Player\SceneMgr.h(48,12):
      see declaration of 'SceneMgr::PlaySceneByPackageId'
      I:\TrinityCore\_integration-all-systems\src\server\scripts\BrokenIsles\Orderhalls\orderhall_artifact_common.h(79,34):
      while trying to match the argument list '(uint32)'
  
I:\TrinityCore\_integration-all-systems\src\server\scripts\BrokenIsles\Orderhalls\orderhall_artifact_common.h(79,34): error C2660: 'SceneMgr::PlaySceneByPackageId': function does not take 1 arguments [I:\TrinityCore\_integration-all-systems\build\src\server\scripts\scripts.vcxproj]
  (compiling source file '../../../../src/server/scripts/BrokenIsles/Orderhalls/artifact_paladin.cpp')
      I:\TrinityCore\_integration-all-systems\src\server\game\Entities\Player\SceneMgr.h(48,12):
      see declaration of 'SceneMgr::PlaySceneByPackageId'
      I:\TrinityCore\_integration-all-systems\src\server\scripts\BrokenIsles\Orderhalls\orderhall_artifact_common.h(79,34):
      while trying to match the argument list '(uint32)'
  
I:\TrinityCore\_integration-all-systems\src\server\scripts\BrokenIsles\Orderhalls\orderhall_artifact_common.h(79,34): error C2660: 'SceneMgr::PlaySceneByPackageId': function does not take 1 arguments [I:\TrinityCore\_integration-all-systems\build\src\server\scripts\scripts.vcxproj]
  (compiling source file '../../../../src/server/scripts/BrokenIsles/Orderhalls/artifact_druid.cpp')
      I:\TrinityCore\_integration-all-systems\src\server\game\Entities\Player\SceneMgr.h(48,12):
      see declaration of 'SceneMgr::PlaySceneByPackageId'
      I:\TrinityCore\_integration-all-systems\src\server\scripts\BrokenIsles\Orderhalls\orderhall_artifact_common.h(79,34):
      while trying to match the argument list '(uint32)'
  
I:\TrinityCore\_integration-all-systems\src\server\scripts\BrokenIsles\Orderhalls\orderhall_artifact_common.h(79,34): error C2660: 'SceneMgr::PlaySceneByPackageId': function does not take 1 arguments [I:\TrinityCore\_integration-all-systems\build\src\server\scripts\scripts.vcxproj]
  (compiling source file '../../../../src/server/scripts/BrokenIsles/Orderhalls/artifact_deathknight.cpp')
      I:\TrinityCore\_integration-all-systems\src\server\game\Entities\Player\SceneMgr.h(48,12):
      see declaration of 'SceneMgr::PlaySceneByPackageId'
      I:\TrinityCore\_integration-all-systems\src\server\scripts\BrokenIsles\Orderhalls\orderhall_artifact_common.h(79,34):
      while trying to match the argument list '(uint32)'
  
I:\TrinityCore\_integration-all-systems\src\server\scripts\BrokenIsles\Orderhalls\orderhall_artifact_common.h(79,34): error C2660: 'SceneMgr::PlaySceneByPackageId': function does not take 1 arguments [I:\TrinityCore\_integration-all-systems\build\src\server\scripts\scripts.vcxproj]
  (compiling source file '../../../../src/server/scripts/BrokenIsles/Orderhalls/artifact_warrior.cpp')
      I:\TrinityCore\_integration-all-systems\src\server\game\Entities\Player\SceneMgr.h(48,12):
      see declaration of 'SceneMgr::PlaySceneByPackageId'
      I:\TrinityCore\_integration-all-systems\src\server\scripts\BrokenIsles\Orderhalls\orderhall_artifact_common.h(79,34):
      while trying to match the argument list '(uint32)'
  
