
  sfmt.vcxproj -> I:\TrinityCore\_integration-all-systems\build\dep\SFMT\RelWithDebInfo\sfmt.lib
  argon2.vcxproj -> I:\TrinityCore\_integration-all-systems\build\dep\argon2\RelWithDebInfo\argon2.lib
  Recast.vcxproj -> I:\TrinityCore\_integration-all-systems\build\dep\recastnavigation\Recast\RelWithDebInfo\Recast.lib
  zlib.vcxproj -> I:\TrinityCore\_integration-all-systems\build\dep\zlib\RelWithDebInfo\zlib.lib
  gsoap.vcxproj -> I:\TrinityCore\_integration-all-systems\build\dep\gsoap\RelWithDebInfo\gsoap.lib
  Detour.vcxproj -> I:\TrinityCore\_integration-all-systems\build\dep\recastnavigation\Detour\RelWithDebInfo\Detour.lib
  openssl_ed25519.vcxproj -> I:\TrinityCore\_integration-all-systems\build\bin\RelWithDebInfo\openssl_ed25519.dll
  fmt.vcxproj -> I:\TrinityCore\_integration-all-systems\build\dep\fmt\RelWithDebInfo\fmt.lib
  protobuf.vcxproj -> I:\TrinityCore\_integration-all-systems\build\dep\protobuf\RelWithDebInfo\protobuf.lib
  g3dlib.vcxproj -> I:\TrinityCore\_integration-all-systems\build\dep\g3dlite\RelWithDebInfo\g3dlib.lib
  common.vcxproj -> I:\TrinityCore\_integration-all-systems\build\src\common\RelWithDebInfo\common.lib
  mmaps_common.vcxproj -> I:\TrinityCore\_integration-all-systems\build\src\common\mmaps_common\RelWithDebInfo\mmaps_common.lib
  database.vcxproj -> I:\TrinityCore\_integration-all-systems\build\src\server\database\RelWithDebInfo\database.lib
  network.vcxproj -> I:\TrinityCore\_integration-all-systems\build\src\common\network\RelWithDebInfo\trinity_network.lib
  proto.vcxproj -> I:\TrinityCore\_integration-all-systems\build\src\server\proto\RelWithDebInfo\proto.lib
  shared.vcxproj -> I:\TrinityCore\_integration-all-systems\build\src\server\shared\RelWithDebInfo\shared.lib
  game.vcxproj -> I:\TrinityCore\_integration-all-systems\build\src\server\game\RelWithDebInfo\game.lib
  cmake_pch.cxx
  argus_script_loader.cpp
  boss_garothi_worldbreaker.cpp
  instance_antorus_the_burning_throne.cpp
  BattlefieldTB.cpp
  BattlefieldWG.cpp
  battlefield_script_loader.cpp
  arena_scripts_generic.cpp
  battlegrounds_script_loader.cpp
  alterac_valley.cpp
  battleground_alterac_valley.cpp
  boss_balinda.cpp
  boss_drekthar.cpp
  boss_galvangar.cpp
  boss_vanndar.cpp
  arathi_basin.cpp
  battleground_arathi_basin.cpp
  arena_ashamanes_fall.cpp
  battleground_battle_for_gilneas.cpp
  arena_black_rook_hold_arena.cpp
  arena_blades_edge.cpp
  arena_blades_edge_legion.cpp
  arena_cage_of_carnage.cpp
  arena_dalaran_sewers.cpp
  battleground_deephaul_ravine.cpp
  arena_empyrean_domain.cpp
  arena_enigma_crucible.cpp
  battleground_eye_of_the_storm.cpp
  arena_hook_point.cpp
  battleground_isle_of_conquest.cpp
  boss_ioc_horde_alliance.cpp
  isle_of_conquest.cpp
  arena_maldraxxus_coliseum.cpp
  arena_mugambala.cpp
  arena_nagrand_arena.cpp
  arena_nagrand_arena_legion.cpp
  arena_nokhudon_proving_grounds.cpp
  arena_ring_of_valor.cpp
  arena_ruins_of_lordaeron.cpp
  battleground_seething_shore.cpp
  battleground_silvershard_mines.cpp
  battleground_strand_of_the_ancients.cpp
  strand_of_the_ancients.cpp
  battleground_temple_of_kotmogu.cpp
  arena_the_robodrome.cpp
  arena_the_tigers_peak.cpp
  battleground_twin_peaks.cpp
  arena_tol_viron_arena.cpp
  battleground_warsong_gulch.cpp
  broken_isles_script_loader.cpp
  zone_dalaran_broken_isle.cpp
  zone_mardum.cpp
  zone_orderhall_warrior.cpp
  boss_amalgam_of_souls.cpp
  instance_black_rook_hold.cpp
  boss_king_deepbeard.cpp
  instance_eye_of_azshara.cpp
  boss_ymiron_the_fallen_king.cpp
  instance_maw_of_souls.cpp
  boss_rokmora.cpp
  instance_neltharions_lair.cpp
  orderhall_legion.cpp
  zone_orderhall_hunter.cpp
  zone_orderhall_rogue.cpp
  boss_guarm.cpp
  instance_trial_of_valor.cpp
  cs_account.cpp
  cs_achievement.cpp
  cs_ahbot.cpp
  cs_arena.cpp
  cs_ban.cpp
  cs_battlenet_account.cpp
  cs_bf.cpp
  cs_bg.cpp
  cs_cast.cpp
  cs_character.cpp
  cs_cheat.cpp
  cs_clubfinder.cpp
  cs_conduit.cpp
  cs_debug.cpp
  cs_delve.cpp
I:\TrinityCore\_integration-all-systems\src\server\scripts\BrokenIsles\Orderhalls\zone_orderhall_hunter.cpp(201,52): error C2039: 'GetInstanceScenario': is not a member of 'Map' [I:\TrinityCore\_integration-all-systems\build\src\server\scripts\scripts.vcxproj]
  (compiling source file '../../../../src/server/scripts/BrokenIsles/Orderhalls/zone_orderhall_hunter.cpp')
      I:\TrinityCore\_integration-all-systems\src\server\game\Maps\Map.h(231,19):
      see declaration of 'Map'
  
  cs_deserter.cpp
  cs_disable.cpp
  cs_event.cpp
  cs_garrison.cpp
  cs_gm.cpp
  cs_go.cpp
  cs_gobject.cpp
  cs_group.cpp
  cs_guild.cpp
  cs_honor.cpp
  cs_instance.cpp
  cs_learn.cpp
  cs_lfg.cpp
  cs_list.cpp
  cs_lookup.cpp
  cs_message.cpp
  cs_misc.cpp
  cs_mmaps.cpp
  cs_modify.cpp
  cs_npc.cpp
  cs_pet.cpp
  cs_quest.cpp
  cs_rbac.cpp
  cs_reload.cpp
  cs_reset.cpp
  cs_scene.cpp
  cs_script_loader.cpp
  cs_send.cpp
  cs_server.cpp
  cs_tele.cpp
  cs_ticket.cpp
  cs_titles.cpp
  cs_wp.cpp
  custom_script_loader.cpp
  draenor_script_loader.cpp
  npc_garrison_bodyguard.cpp
  zone_assault_on_the_dark_portal.cpp
  zone_draenor_shadowmoon_valley.cpp
  auchindoun.cpp
  zone_frostfire_ridge.cpp
  instance_auchindoun.cpp
  garrison_generic.cpp
  garrison_invasion.cpp
  dragon_isles_script_loader.cpp
  zone_the_forbidden_reach.cpp
  aberrus_the_shadowed_crucible.cpp
  boss_kazzara_the_hellforged.cpp
  instance_aberrus_the_shadowed_crucible.cpp
  boss_leymor.cpp
  boss_telash_greywing.cpp
  instance_azure_vault.cpp
  instance_ruby_life_pools.cpp
  ruby_life_pools.cpp
  eastern_kingdoms.cpp
  eastern_kingdoms_script_loader.cpp
  zone_abyssal_depths.cpp
  zone_blasted_lands.cpp
  zone_burning_steppes.cpp
  zone_dun_morogh.cpp
  zone_dun_morogh_area_coldridge_valley.cpp
  zone_duskwood.cpp
  zone_eastern_plaguelands.cpp
  zone_elwynn_forest.cpp
  zone_eversong_woods.cpp
  zone_ghostlands.cpp
  zone_hinterlands.cpp
  zone_ironforge.cpp
  zone_isle_of_queldanas.cpp
  zone_redridge_mountains.cpp
  zone_silverpine_forest.cpp
  zone_stormwind_city.cpp
  zone_tirisfal_glades.cpp
  zone_tol_barad.cpp
  zone_undercity.cpp
  zone_westfall.cpp
  boss_alizabal.cpp
  boss_argaloth.cpp
  boss_occuthar.cpp
  instance_baradin_hold.cpp
  instance_bastion_of_twilight.cpp
  blackrock_caverns.cpp
  boss_ascendant_lord_obsidius.cpp
  boss_beauty.cpp
  boss_corla.cpp
  boss_karsh_steelbender.cpp
  boss_romogg_bonecrusher.cpp
  instance_blackrock_caverns.cpp
  blackrock_depths.cpp
  boss_ambassador_flamelash.cpp
  boss_coren_direbrew.cpp
  boss_emperor_dagran_thaurissan.cpp
  boss_general_angerforge.cpp
  boss_high_interrogator_gerstahn.cpp
  boss_magmus.cpp
  boss_moira_bronzebeard.cpp
  boss_tomb_of_seven.cpp
  instance_blackrock_depths.cpp
  boss_drakkisath.cpp
  boss_gizrul_the_slavener.cpp
  boss_gyth.cpp
  boss_halycon.cpp
  boss_highlord_omokk.cpp
  boss_lord_valthalak.cpp
  boss_mother_smolderweb.cpp
  boss_overlord_wyrmthalak.cpp
  boss_pyroguard_emberseer.cpp
  boss_quartermaster_zigris.cpp
  boss_rend_blackhand.cpp
  boss_shadow_hunter_voshgajin.cpp
  boss_the_beast.cpp
  boss_urok_doomhowl.cpp
  boss_warmaster_voone.cpp
  instance_blackrock_spire.cpp
  instance_blackwing_descent.cpp
  boss_broodlord_lashlayer.cpp
  boss_chromaggus.cpp
  boss_ebonroc.cpp
  boss_firemaw.cpp
  boss_flamegor.cpp
  boss_nefarian.cpp
  boss_razorgore.cpp
  boss_vaelastrasz.cpp
  instance_blackwing_lair.cpp
  boss_baron_geddon.cpp
  boss_garr.cpp
  boss_gehennas.cpp
  boss_golemagg.cpp
  boss_lucifron.cpp
  boss_magmadar.cpp
  boss_majordomo_executus.cpp
  boss_ragnaros.cpp
  boss_shazzrah.cpp
  boss_sulfuron_harbinger.cpp
  instance_molten_core.cpp
  instance_deadmines.cpp
  gilneas_chapter_1.cpp
  gnomeregan.cpp
  instance_gnomeregan.cpp
  instance_grim_batol.cpp
  boss_curator.cpp
  boss_maiden_of_virtue.cpp
  boss_midnight.cpp
  boss_moroes.cpp
  boss_netherspite.cpp
  boss_nightbane.cpp
  boss_prince_malchezaar.cpp
  boss_shade_of_aran.cpp
  boss_terestian_illhoof.cpp
  bosses_opera.cpp
  instance_karazhan.cpp
  karazhan.cpp
  boss_felblood_kaelthas.cpp
  boss_priestess_delrissa.cpp
  boss_selin_fireheart.cpp
  boss_vexallus.cpp
  instance_magisters_terrace.cpp
  magisters_terrace.cpp
  boss_maiden_of_virtue_rtk.cpp
  boss_mana_devourer.cpp
  boss_shade_of_medivh.cpp
  boss_the_curator_rtk.cpp
  instance_return_to_karazhan.cpp
  chapter1.cpp
  chapter2.cpp
  chapter5.cpp
  zone_the_scarlet_enclave.cpp
  boss_arcanist_doan.cpp
  boss_azshir_the_sleepless.cpp
  boss_bloodmage_thalnos.cpp
  boss_headless_horseman.cpp
  boss_herod.cpp
  boss_high_inquisitor_fairbanks.cpp
  boss_houndmaster_loksey.cpp
  boss_interrogator_vishas.cpp
  boss_mograine_and_whitemane.cpp
  boss_scorn.cpp
  instance_scarlet_monastery.cpp
  boss_armsmaster_harlan.cpp
  scarlet_halls.cpp
  boss_darkmaster_gandling.cpp
  boss_death_knight_darkreaver.cpp
  boss_doctor_theolen_krastinov.cpp
  boss_illucia_barov.cpp
  boss_instructor_malicia.cpp
  boss_jandice_barov.cpp
  boss_kirtonos_the_herald.cpp
  boss_kormok.cpp
  boss_lord_alexei_barov.cpp
  boss_lorekeeper_polkelt.cpp
  boss_ras_frostwhisper.cpp
  boss_the_ravenian.cpp
  boss_vectus.cpp
  instance_scholomance.cpp
  boss_apothecary_hummel.cpp
  instance_shadowfang_keep.cpp
  shadowfang_keep.cpp
  boss_baron_rivendare.cpp
  boss_baroness_anastari.cpp
  boss_cannon_master_willey.cpp
  boss_dathrohan_balnazzar.cpp
  boss_magistrate_barthilas.cpp
  boss_maleki_the_pallid.cpp
  boss_nerubenkan.cpp
  boss_order_of_silver_hand.cpp
  boss_postmaster_malown.cpp
  boss_ramstein_the_gorger.cpp
  boss_timmy_the_cruel.cpp
  instance_stratholme.cpp
  stratholme.cpp
  instance_sunken_temple.cpp
  sunken_temple.cpp
  boss_brutallus.cpp
  boss_eredar_twins.cpp
  boss_felmyst.cpp
  boss_kalecgos.cpp
  boss_kiljaeden.cpp
  boss_muru.cpp
  instance_sunwell_plateau.cpp
  sunwell_plateau.cpp
  boss_hogger.cpp
  boss_lord_overheat.cpp
  boss_randolph_moloch.cpp
  instance_the_stockade.cpp
  instance_throne_of_the_tides.cpp
  boss_archaedas.cpp
  boss_ironaya.cpp
  instance_uldaman.cpp
  uldaman.cpp
  boss_akilzon.cpp
  boss_daakara.cpp
  boss_halazzi.cpp
  boss_hexlord.cpp
  boss_janalai.cpp
  boss_nalorakk.cpp
  instance_zulaman.cpp
  zulaman.cpp
  boss_grilek.cpp
  boss_hazzarah.cpp
  boss_jindo_the_godbreaker.cpp
  boss_kilnara.cpp
  boss_mandokir.cpp
  boss_renataki.cpp
  boss_venoxis.cpp
  boss_wushoolay.cpp
  boss_zanzil.cpp
  instance_zulgurub.cpp
  zulgurub.cpp
  brewfest.cpp
  childrens_week.cpp
  darkmoon_faire.cpp
  events_script_loader.cpp
  fireworks_show.cpp
  hallows_end.cpp
  love_is_in_the_air.cpp
  lunar_festival.cpp
  midsummer.cpp
  operation_gnomeregan.cpp
  pilgrims_bounty.cpp
  winter_veil.cpp
  zalazane_fall.cpp
  boss_doomwalker_anniversary.cpp
  boss_lord_kazzak_anniversary.cpp
  exiles_reach_script_loader.cpp
  zone_exiles_reach.cpp
  boss_tunk.cpp
  instance_darkmaul_citadel.cpp
  kalimdor_script_loader.cpp
  zone_ashenvale.cpp
  zone_azshara.cpp
  zone_azuremyst_isle.cpp
  zone_bloodmyst_isle.cpp
  zone_darkshore.cpp
  zone_desolace.cpp
  zone_durotar.cpp
  zone_dustwallow_marsh.cpp
  zone_felwood.cpp
  zone_feralas.cpp
  zone_moonglade.cpp
  zone_mulgore.cpp
  zone_orgrimmar.cpp
  zone_silithus.cpp
  zone_tanaris.cpp
  zone_the_barrens.cpp
  zone_thunder_bluff.cpp
  zone_winterspring.cpp
  blackfathom_deeps.cpp
  boss_aku_mai.cpp
  boss_gelihast.cpp
  boss_kelris.cpp
  instance_blackfathom_deeps.cpp
  boss_anetheron.cpp
  boss_archimonde.cpp
  boss_azgalor.cpp
  boss_kazrogal.cpp
  boss_rage_winterchill.cpp
  hyjal.cpp
  hyjalAI.cpp
  hyjal_trash.cpp
  instance_hyjal.cpp
  boss_chrono_lord_epoch.cpp
  boss_infinite_corruptor.cpp
  boss_mal_ganis.cpp
  boss_meathook.cpp
  boss_salramm_the_fleshcrafter.cpp
  culling_of_stratholme.cpp
  instance_culling_of_stratholme.cpp
  npc_arthas.cpp
  instance_dragon_soul.cpp
  instance_end_time.cpp
  boss_captain_skarloc.cpp
  boss_epoch_hunter.cpp
  boss_leutenant_drake.cpp
  instance_old_hillsbrad.cpp
  old_hillsbrad.cpp
  instance_hour_of_twilight.cpp
  boss_aeonus.cpp
  boss_chrono_lord_deja.cpp
  boss_temporus.cpp
  instance_the_black_morass.cpp
  the_black_morass.cpp
  instance_well_of_eternity.cpp
  instance_dire_maul.cpp
  boss_alysrazor.cpp
  boss_baleroc.cpp
  firelands.cpp
  instance_firelands.cpp
  boss_anraphet.cpp
  boss_earthrager_ptah.cpp
  boss_temple_guardian_anhuur.cpp
  halls_of_origination.cpp
  instance_halls_of_origination.cpp
  boss_general_husam.cpp
  boss_lockmaw.cpp
  instance_lost_city_of_the_tolvir.cpp
  boss_celebras_the_cursed.cpp
  boss_landslide.cpp
  boss_noxxion.cpp
  boss_princess_theradras.cpp
  instance_maraudon.cpp
  boss_onyxia.cpp
  instance_onyxias_lair.cpp
  boss_adarogg.cpp
  boss_dark_shaman_koranthal.cpp
  boss_lava_guard_gordoth.cpp
  boss_slagmaw.cpp
  instance_ragefire_chasm.cpp
  ragefire_chasm.cpp
  boss_amnennar_the_coldbringer.cpp
  boss_glutton.cpp
  boss_mordresh_fire_eye.cpp
  boss_tuten_kash.cpp
  instance_razorfen_downs.cpp
  razorfen_downs.cpp
  instance_razorfen_kraul.cpp
  razorfen_kraul.cpp
  boss_ayamiss.cpp
  boss_buru.cpp
  boss_kurinnaxx.cpp
  boss_moam.cpp
  boss_ossirian.cpp
  boss_rajaxx.cpp
  instance_ruins_of_ahnqiraj.cpp
  ruins_of_ahnqiraj.cpp
  boss_bug_trio.cpp
  boss_cthun.cpp
  boss_fankriss.cpp
  boss_huhuran.cpp
  boss_ouro.cpp
  boss_sartura.cpp
  boss_skeram.cpp
  boss_twinemperors.cpp
  boss_viscidus.cpp
  instance_temple_of_ahnqiraj.cpp
  mob_anubisath_sentinel.cpp
  temple_of_ahnqiraj.cpp
  instance_throne_of_the_four_winds.cpp
  instance_vortex_pinnacle.cpp
  vortex_pinnacle.cpp
  instance_wailing_caverns.cpp
  wailing_caverns.cpp
  boss_zum_rah.cpp
  instance_zulfarrak.cpp
  zulfarrak.cpp
  karesh_script_loader.cpp
  boss_azhiccar.cpp
  instance_ecodome_aldani.cpp
  campaign_visions_of_a_shadowed_sun.cpp
  khaz_algar_script_loader.cpp
  zone_dornogal.cpp
  boss_orator_krix_vizk.cpp
  instance_city_of_threads.cpp
  boss_the_candle_king.cpp
  instance_darkflame_cleft.cpp
  delves_common.cpp
  npc_brann_bronzebeard_delves.cpp
  npc_delve_entrance.cpp
  instance_atal_aman_delve.cpp
  instance_earthcrawl_mines.cpp
  instance_fungal_folly.cpp
  instance_kriegvals_rest.cpp
  instance_mycomancer_cavern.cpp
  instance_nightfall_sanctum.cpp
  instance_skittering_breach.cpp
  instance_tak_rethan_abyss.cpp
  instance_the_dread_pit.cpp
  instance_shadow_enclave_delve.cpp
  instance_the_sinkhole.cpp
  instance_the_spiral_weave.cpp
  instance_the_underkeep.cpp
  instance_the_waterworks.cpp
  instance_zekvirs_lair.cpp
  zone_isle_of_dorn.cpp
  boss_ulgrax_the_devourer.cpp
  instance_nerubar_palace.cpp
  boss_edna.cpp
  boss_skarmorak.cpp
  instance_the_stonevault.cpp
  kultiras_script_loader.cpp
  zone_boralus.cpp
  drustvar_chapter_1_the_final_effigy.cpp
  drustvar_chapter_2_the_burden_of_proof.cpp
  drustvar_chapter_3_an_airtight_alibi.cpp
  zone_drustvar.cpp
  boss_aqusirr.cpp
  boss_lord_stormsong.cpp
  boss_tidesage_council.cpp
  instance_shrine_of_the_storm.cpp
  boss_heartsbane_triad.cpp
  boss_lord_and_lady_waycrest.cpp
  boss_soulbound_goliath.cpp
  instance_waycrest_manor.cpp
  waycrest_manor.cpp
  kezan.cpp
  maelstrom_script_loader.cpp
  zone_deepholm.cpp
  boss_corborus.cpp
  boss_high_priestess_azil.cpp
  boss_ozruk.cpp
  boss_slabhide.cpp
  instance_stonecore.cpp
  stonecore.cpp
  northrend_script_loader.cpp
  zone_borean_tundra.cpp
  zone_dalaran.cpp
  zone_dragonblight.cpp
  zone_grizzly_hills.cpp
  zone_howling_fjord.cpp
  zone_icecrown.cpp
  zone_sholazar_basin.cpp
  zone_storm_peaks.cpp
  zone_wintergrasp.cpp
  zone_zuldrak.cpp
  ahnkahet.cpp
  boss_amanitar.cpp
  boss_elder_nadox.cpp
  boss_herald_volazj.cpp
  boss_jedoga_shadowseeker.cpp
  boss_prince_taldaram.cpp
  instance_ahnkahet.cpp
  boss_anubarak.cpp
  boss_hadronox.cpp
  boss_krikthir_the_gatewatcher.cpp
  instance_azjol_nerub.cpp
  boss_sartharion.cpp
  instance_obsidian_sanctum.cpp
  obsidian_sanctum.cpp
  boss_baltharus_the_warborn.cpp
  boss_general_zarithrian.cpp
  boss_halion.cpp
  boss_saviana_ragefire.cpp
  instance_ruby_sanctum.cpp
  ruby_sanctum.cpp
  boss_argent_challenge.cpp
  boss_black_knight.cpp
  boss_grand_champions.cpp
  instance_trial_of_the_champion.cpp
  trial_of_the_champion.cpp
  boss_anubarak_trial.cpp
  boss_faction_champions.cpp
  boss_lord_jaraxxus.cpp
  boss_northrend_beasts.cpp
  boss_twin_valkyr.cpp
  instance_trial_of_the_crusader.cpp
  trial_of_the_crusader.cpp
  boss_king_dred.cpp
  boss_novos.cpp
  boss_tharon_ja.cpp
  boss_trollgore.cpp
  drak_tharon_keep.cpp
  instance_drak_tharon_keep.cpp
  boss_bronjahm.cpp
  boss_devourer_of_souls.cpp
  forge_of_souls.cpp
  instance_forge_of_souls.cpp
  boss_falric.cpp
  boss_horAI.cpp
  boss_marwyn.cpp
  halls_of_reflection.cpp
  instance_halls_of_reflection.cpp
  boss_forgemaster_garfrost.cpp
  boss_krickandick.cpp
  boss_scourgelord_tyrannus.cpp
  instance_pit_of_saron.cpp
  pit_of_saron.cpp
  boss_drakkari_colossus.cpp
  boss_eck.cpp
  boss_gal_darah.cpp
  boss_moorabi.cpp
  boss_slad_ran.cpp
  instance_gundrak.cpp
  boss_blood_prince_council.cpp
  boss_blood_queen_lana_thel.cpp
  boss_deathbringer_saurfang.cpp
  boss_festergut.cpp
  boss_icecrown_gunship_battle.cpp
  boss_lady_deathwhisper.cpp
  boss_lord_marrowgar.cpp
  boss_professor_putricide.cpp
  boss_rotface.cpp
  boss_sindragosa.cpp
  boss_sister_svalna.cpp
  boss_the_lich_king.cpp
  boss_valithria_dreamwalker.cpp
  go_icecrown_citadel_teleport.cpp
  icecrown_citadel.cpp
  instance_icecrown_citadel.cpp
  boss_anubrekhan.cpp
  boss_faerlina.cpp
  boss_four_horsemen.cpp
  boss_gluth.cpp
  boss_gothik.cpp
  boss_grobbulus.cpp
  boss_heigan.cpp
  boss_kelthuzad.cpp
  boss_loatheb.cpp
  boss_maexxna.cpp
  boss_noth.cpp
  boss_patchwerk.cpp
  boss_razuvious.cpp
  boss_sapphiron.cpp
  boss_thaddius.cpp
  instance_naxxramas.cpp
  naxxramas.cpp
  boss_malygos.cpp
  instance_eye_of_eternity.cpp
  boss_anomalus.cpp
  boss_keristrasza.cpp
  boss_magus_telestra.cpp
  boss_nexus_commanders.cpp
  boss_ormorok.cpp
  instance_nexus.cpp
  boss_drakos.cpp
  boss_eregos.cpp
  boss_urom.cpp
  boss_varos.cpp
  instance_oculus.cpp
  oculus.cpp
  boss_general_bjarngrim.cpp
  boss_ionar.cpp
  boss_loken.cpp
  boss_volkhan.cpp
  instance_halls_of_lightning.cpp
  boss_krystallus.cpp
  boss_maiden_of_grief.cpp
  boss_sjonnir.cpp
  halls_of_stone.cpp
  instance_halls_of_stone.cpp
  boss_algalon_the_observer.cpp
  boss_assembly_of_iron.cpp
  boss_auriaya.cpp
  boss_flame_leviathan.cpp
  boss_freya.cpp
  boss_general_vezax.cpp
  boss_hodir.cpp
  boss_ignis.cpp
  boss_kologarn.cpp
  boss_mimiron.cpp
  boss_razorscale.cpp
  boss_thorim.cpp
  boss_xt002.cpp
  boss_yogg_saron.cpp
  instance_ulduar.cpp
  ulduar.cpp
  boss_ingvar_the_plunderer.cpp
  boss_keleseth.cpp
  boss_skarvald_dalronn.cpp
  instance_utgarde_keep.cpp
  utgarde_keep.cpp
  boss_palehoof.cpp
  boss_skadi.cpp
  boss_svala.cpp
  boss_ymiron.cpp
  instance_utgarde_pinnacle.cpp
  utgarde_pinnacle.cpp
  boss_archavon.cpp
  boss_emalon.cpp
  boss_koralon.cpp
  boss_toravon.cpp
  instance_vault_of_archavon.cpp
  boss_cyanigosa.cpp
  boss_erekem.cpp
  boss_ichoron.cpp
  boss_lavanthor.cpp
  boss_moragg.cpp
  boss_xevozz.cpp
  boss_zuramat.cpp
  instance_violet_hold.cpp
  violet_hold.cpp
  OutdoorPvPHP.cpp
  OutdoorPvPNA.cpp
  OutdoorPvPSI.cpp
  OutdoorPvPScriptLoader.cpp
  OutdoorPvPTF.cpp
  OutdoorPvPZM.cpp
  boss_doomlord_kazzak.cpp
  boss_doomwalker.cpp
  outland_script_loader.cpp
  zone_blades_edge_mountains.cpp
  zone_hellfire_peninsula.cpp
  zone_nagrand.cpp
  zone_netherstorm.cpp
  zone_shadowmoon_valley.cpp
  zone_terokkar_forest.cpp
  zone_zangarmarsh.cpp
  boss_exarch_maladaar.cpp
  boss_shirrak_the_dead_watcher.cpp
  instance_auchenai_crypts.cpp
  boss_nexusprince_shaffar.cpp
  boss_pandemonius.cpp
  instance_mana_tombs.cpp
  mana_tombs.cpp
  boss_anzu.cpp
  boss_darkweaver_syth.cpp
  boss_talon_king_ikiss.cpp
  instance_sethekk_halls.cpp
  boss_ambassador_hellmaw.cpp
  boss_blackheart_the_inciter.cpp
  boss_grandmaster_vorpil.cpp
  boss_murmur.cpp
  instance_shadow_labyrinth.cpp
  shadow_labyrinth.cpp
  black_temple.cpp
  boss_gurtogg_bloodboil.cpp
  boss_illidan.cpp
  boss_illidari_council.cpp
  boss_mother_shahraz.cpp
  boss_reliquary_of_souls.cpp
  boss_shade_of_akama.cpp
  boss_supremus.cpp
  boss_teron_gorefiend.cpp
  boss_warlord_najentus.cpp
  instance_black_temple.cpp
  boss_fathomlord_karathress.cpp
  boss_hydross_the_unstable.cpp
  boss_lady_vashj.cpp
  boss_leotheras_the_blind.cpp
  boss_lurker_below.cpp
  boss_morogrim_tidewalker.cpp
  instance_serpent_shrine.cpp
  boss_hydromancer_thespia.cpp
  boss_mekgineer_steamrigger.cpp
  boss_warlord_kalithresh.cpp
  instance_steam_vault.cpp
  steam_vault.cpp
  boss_ahune.cpp
  boss_mennu_the_betrayer.cpp
  boss_quagmirran.cpp
  boss_rokmar_the_crackler.cpp
  instance_the_slave_pens.cpp
  boss_hungarfen.cpp
  boss_swamplord_muselek.cpp
  boss_the_black_stalker.cpp
  instance_the_underbog.cpp
  boss_gruul.cpp
  boss_high_king_maulgar.cpp
  instance_gruuls_lair.cpp
  boss_broggok.cpp
  boss_kelidan_the_breaker.cpp
  boss_the_maker.cpp
  instance_blood_furnace.cpp
  boss_omor_the_unscarred.cpp
  boss_vazruden_the_herald.cpp
  boss_watchkeeper_gargolmar.cpp
  instance_hellfire_ramparts.cpp
  boss_magtheridon.cpp
  instance_magtheridons_lair.cpp
  boss_nethekurse.cpp
  boss_warbringer_omrogg.cpp
  boss_warchief_kargath_bladefist.cpp
  instance_shattered_halls.cpp
  shattered_halls.cpp
  boss_alar.cpp
  boss_astromancer.cpp
  boss_kaelthas.cpp
  boss_void_reaver.cpp
  instance_the_eye.cpp
  boss_gatewatcher_gyrokill.cpp
  boss_gatewatcher_ironhand.cpp
  boss_mechano_lord_capacitus.cpp
  boss_nethermancer_sepethrea.cpp
  boss_pathaleon_the_calculator.cpp
  instance_mechanar.cpp
  arcatraz.cpp
  boss_dalliah_the_doomsayer.cpp
  boss_harbinger_skyriss.cpp
  boss_wrath_scryer_soccothrates.cpp
  boss_zereketh_the_unbound.cpp
  instance_arcatraz.cpp
  boss_commander_sarannis.cpp
  boss_high_botanist_freywinn.cpp
  boss_laj.cpp
  boss_thorngrin_the_tender.cpp
  boss_warp_splinter.cpp
  instance_the_botanica.cpp
  pandaria_scripts_loader.cpp
  zone_the_jade_forest.cpp
  zone_the_wandering_isle.cpp
  pet_battle_trainer.cpp
  pet_dk.cpp
  pet_generic.cpp
  pet_hunter.cpp
  pet_mage.cpp
  pet_priest.cpp
  pet_script_loader.cpp
  pet_shaman.cpp
  quel_thalas_script_loader.cpp
  zone_silvermoon_city_midnight.cpp
  harandar_chapter_1_of_craves_and_cradles.cpp
  boss_kystia_manaheart.cpp
  instance_murder_row.cpp
  shadowlands_script_loader.cpp
  spell_covenant.cpp
  boss_sylvanas_windrunner.cpp
  instance_sanctum_of_domination.cpp
  boss_anduin_wrynn.cpp
  instance_sepulcher_of_the_first_ones.cpp
  spell_torghast.cpp
  spell_azerite.cpp
  spell_dh.cpp
  spell_dk.cpp
  spell_dragonriding.cpp
  spell_druid.cpp
  spell_evoker.cpp
  spell_generic.cpp
  spell_housing.cpp
  spell_hunter.cpp
  spell_item.cpp
  spell_mage.cpp
  spell_monk.cpp
  spell_paladin.cpp
  spell_pet.cpp
  spell_priest.cpp
  spell_quest.cpp
  spell_rogue.cpp
  spell_script_loader.cpp
  spell_shaman.cpp
  spell_warlock.cpp
  spell_warrior.cpp
  achievement_scripts.cpp
  action_ip_logger.cpp
  areatrigger_scripts.cpp
  at_housing_plot.cpp
  boosted_xp.cpp
  boss_emerald_dragons.cpp
  chat_log.cpp
  conversation_scripts.cpp
  duel_reset.cpp
  go_housing_door.cpp
  go_scripts.cpp
  item_scripts.cpp
  npc_guard.cpp
  npc_housing_steward.cpp
  npc_professions.cpp
  npcs_special.cpp
  scene_scripts.cpp
  world_script_loader.cpp
  zandalar_script_loader.cpp
  boss_priestess_alun_za.cpp
  boss_rezan.cpp
  boss_volkaal.cpp
  instance_atal_dazar.cpp
  boss_golden_serpent.cpp
  instance_kings_rest.cpp
  kings_rest.cpp
  boss_cragmaw_the_infested.cpp
  boss_elder_leaxa.cpp
  boss_sporecaller_zancha.cpp
  instance_underrot.cpp
  ScriptLoader.cpp
