
  argon2.vcxproj -> I:\TrinityCore\_integration-all-systems\build\dep\argon2\RelWithDebInfo\argon2.lib
  zlib.vcxproj -> I:\TrinityCore\_integration-all-systems\build\dep\zlib\RelWithDebInfo\zlib.lib
  sfmt.vcxproj -> I:\TrinityCore\_integration-all-systems\build\dep\SFMT\RelWithDebInfo\sfmt.lib
  fmt.vcxproj -> I:\TrinityCore\_integration-all-systems\build\dep\fmt\RelWithDebInfo\fmt.lib
  Detour.vcxproj -> I:\TrinityCore\_integration-all-systems\build\dep\recastnavigation\Detour\RelWithDebInfo\Detour.lib
  openssl_ed25519.vcxproj -> I:\TrinityCore\_integration-all-systems\build\bin\RelWithDebInfo\openssl_ed25519.dll
  gsoap.vcxproj -> I:\TrinityCore\_integration-all-systems\build\dep\gsoap\RelWithDebInfo\gsoap.lib
  Recast.vcxproj -> I:\TrinityCore\_integration-all-systems\build\dep\recastnavigation\Recast\RelWithDebInfo\Recast.lib
  protobuf.vcxproj -> I:\TrinityCore\_integration-all-systems\build\dep\protobuf\RelWithDebInfo\protobuf.lib
  g3dlib.vcxproj -> I:\TrinityCore\_integration-all-systems\build\dep\g3dlite\RelWithDebInfo\g3dlib.lib
  GitRevision.cpp
  common.vcxproj -> I:\TrinityCore\_integration-all-systems\build\src\common\RelWithDebInfo\common.lib
  mmaps_common.vcxproj -> I:\TrinityCore\_integration-all-systems\build\src\common\mmaps_common\RelWithDebInfo\mmaps_common.lib
  database.vcxproj -> I:\TrinityCore\_integration-all-systems\build\src\server\database\RelWithDebInfo\database.lib
  network.vcxproj -> I:\TrinityCore\_integration-all-systems\build\src\common\network\RelWithDebInfo\trinity_network.lib
  proto.vcxproj -> I:\TrinityCore\_integration-all-systems\build\src\server\proto\RelWithDebInfo\proto.lib
  shared.vcxproj -> I:\TrinityCore\_integration-all-systems\build\src\server\shared\RelWithDebInfo\shared.lib
  game.vcxproj -> I:\TrinityCore\_integration-all-systems\build\src\server\game\RelWithDebInfo\game.lib
  broken_isles_script_loader.cpp
  artifact_deathknight.cpp
  artifact_demonhunter.cpp
  artifact_druid.cpp
  artifact_mage.cpp
  artifact_monk.cpp
  artifact_paladin.cpp
  artifact_priest.cpp
  artifact_rogue.cpp
  artifact_shaman.cpp
  artifact_warlock.cpp
  artifact_warrior.cpp
I:\TrinityCore\_integration-all-systems\src\server\scripts\BrokenIsles\Orderhalls\artifact_priest.cpp(218,9): error C3861: 'DoMeleeAttackIfReady': identifier not found [I:\TrinityCore\_integration-all-systems\build\src\server\scripts\scripts.vcxproj]
  (compiling source file '../../../../src/server/scripts/BrokenIsles/Orderhalls/artifact_priest.cpp')
  
I:\TrinityCore\_integration-all-systems\src\server\scripts\BrokenIsles\Orderhalls\artifact_priest.cpp(243,9): error C3861: 'DoMeleeAttackIfReady': identifier not found [I:\TrinityCore\_integration-all-systems\build\src\server\scripts\scripts.vcxproj]
  (compiling source file '../../../../src/server/scripts/BrokenIsles/Orderhalls/artifact_priest.cpp')
  
I:\TrinityCore\_integration-all-systems\src\server\scripts\BrokenIsles\Orderhalls\artifact_priest.cpp(419,9): error C3861: 'DoMeleeAttackIfReady': identifier not found [I:\TrinityCore\_integration-all-systems\build\src\server\scripts\scripts.vcxproj]
  (compiling source file '../../../../src/server/scripts/BrokenIsles/Orderhalls/artifact_priest.cpp')
  
I:\TrinityCore\_integration-all-systems\src\server\scripts\BrokenIsles\Orderhalls\artifact_priest.cpp(443,9): error C3861: 'DoMeleeAttackIfReady': identifier not found [I:\TrinityCore\_integration-all-systems\build\src\server\scripts\scripts.vcxproj]
  (compiling source file '../../../../src/server/scripts/BrokenIsles/Orderhalls/artifact_priest.cpp')
  
