MSBuild-Version 17.14.23+b0019275e für .NET Framework

  Detour.vcxproj -> I:\TrinityCore\_integration-all-systems\build\dep\recastnavigation\Detour\Release\Detour.lib
  Recast.vcxproj -> I:\TrinityCore\_integration-all-systems\build\dep\recastnavigation\Recast\Release\Recast.lib
  argon2.vcxproj -> I:\TrinityCore\_integration-all-systems\build\dep\argon2\Release\argon2.lib
  fmt.vcxproj -> I:\TrinityCore\_integration-all-systems\build\dep\fmt\Release\fmt.lib
  zlib.vcxproj -> I:\TrinityCore\_integration-all-systems\build\dep\zlib\Release\zlib.lib
  g3dlib.vcxproj -> I:\TrinityCore\_integration-all-systems\build\dep\g3dlite\Release\g3dlib.lib
  openssl_ed25519.vcxproj -> I:\TrinityCore\_integration-all-systems\build\bin\Release\openssl_ed25519.dll
  sfmt.vcxproj -> I:\TrinityCore\_integration-all-systems\build\dep\SFMT\Release\sfmt.lib
  common.vcxproj -> I:\TrinityCore\_integration-all-systems\build\src\common\Release\common.lib
  database.vcxproj -> I:\TrinityCore\_integration-all-systems\build\src\server\database\Release\database.lib
  mmaps_common.vcxproj -> I:\TrinityCore\_integration-all-systems\build\src\common\mmaps_common\Release\mmaps_common.lib
  network.vcxproj -> I:\TrinityCore\_integration-all-systems\build\src\common\network\Release\trinity_network.lib
  protobuf.vcxproj -> I:\TrinityCore\_integration-all-systems\build\dep\protobuf\Release\protobuf.lib
  proto.vcxproj -> I:\TrinityCore\_integration-all-systems\build\src\server\proto\Release\proto.lib
  shared.vcxproj -> I:\TrinityCore\_integration-all-systems\build\src\server\shared\Release\shared.lib
  CreatureAI.cpp
  CreatureAISelector.cpp
  ScriptedEscortAI.cpp
  ScriptedGossip.cpp
  AccountMgr.cpp
  AchievementMgr.cpp
  CriteriaHandler.cpp
  AuctionHouseBot.cpp
  AuctionHouseBotBuyer.cpp
  BattlePayMgr.cpp
  BattlePetMgr.cpp
  PetBattle.cpp
  PetBattleMgr.cpp
  MythicPlusData.cpp
  Chat.cpp
  HyperlinkTags.cpp
  Hyperlinks.cpp
  LanguageMgr.cpp
  Channel.cpp
  ChannelMgr.cpp
  enuminfo_Channel.cpp
  ChatCommand.cpp
  ChatCommandArgs.cpp
  ChatCommandHelpers.cpp
  ChatCommandTags.cpp
  ClubFinderMgr.cpp
  ThreatManager.cpp
  ConditionMgr.cpp
  DisableMgr.cpp
  ContributionMgr.cpp
  ManagedWorldStateMgr.cpp
  CraftingOrderMgr.cpp
  DB2Stores.cpp
  GameTables.cpp
  M2Stores.cpp
  DelveInstance.cpp
  DelveMgr.cpp
  DelvesCompanion.cpp
  DelvesRewards.cpp
  DelvesSeason.cpp
  LFG.cpp
  LFGGroupData.cpp
  LFGMgr.cpp
  LFGPlayerData.cpp
  LFGQueue.cpp
  LFGScripts.cpp
  Account.cpp
  AreaTrigger.cpp
  AreaTriggerTemplate.cpp
  Conversation.cpp
  Corpse.cpp
  Creature.cpp
  CreatureGroups.cpp
  GossipDef.cpp
  TemporarySummon.cpp
  Trainer.cpp
  enuminfo_CreatureData.cpp
  DynamicObject.cpp
  GameObject.cpp
  HousingDecorEntity.cpp
  HousingMirrorEntity.cpp
  HousingNeighborhoodMirrorEntity.cpp
  HousingPlayerHouseEntity.cpp
  HousingRoomEntity.cpp
  Item.cpp
  ItemBonusMgr.cpp
  ItemEnchantmentMgr.cpp
  ItemTemplate.cpp
  enuminfo_ItemDefines.cpp
  AzeriteEmpoweredItem.cpp
  AzeriteItem.cpp
  Bag.cpp
  MeshObject.cpp
  Object.cpp
  ObjectGuid.cpp
  ObjectGuidSequenceGenerator.cpp
  ObjectPosSelector.cpp
  Position.cpp
  UpdateData.cpp
  UpdateFields.cpp
  WowCSEntityDefinitions.cpp
  Pet.cpp
  CinematicMgr.cpp
  CollectionMgr.cpp
  KillRewarder.cpp
  Player.cpp
  PlayerTaxi.cpp
  RecentAlliesMgr.cpp
  RestMgr.cpp
  SceneMgr.cpp
  SocialMgr.cpp
  TradeData.cpp
  SceneObject.cpp
  TaxiPathGraph.cpp
  Totem.cpp
  Transport.cpp
  CharmInfo.cpp
  StatSystem.cpp
  Vignette.cpp
  Vehicle.cpp
  GameEventMgr.cpp
  GameEventSender.cpp
  Garrison.cpp
  GarrisonAutoCombat.cpp
  GarrisonMap.cpp
  GarrisonMgr.cpp
  AreaTriggerDataStore.cpp
  CharacterTemplateDataStore.cpp
  ConversationDataStore.cpp
  ObjectAccessor.cpp
  ObjectMgr.cpp
  GridStates.cpp
  NGrid.cpp
  ObjectGridLoader.cpp
  GridNotifiers.cpp
  Group.cpp
  GroupInstanceReference.cpp
  GroupMgr.cpp
  GroupReference.cpp
  Guild.cpp
  GuildMgr.cpp
  AdventureJournalHandler.cpp
  AdventureMapHandler.cpp
  ArtifactHandler.cpp
  AuctionHouseHandler.cpp
  AuthHandler.cpp
  AzeriteHandler.cpp
  BankHandler.cpp
  BattleGroundHandler.cpp
  BattlePayHandler.cpp
  BattlePetHandler.cpp
  BattlenetHandler.cpp
  BlackMarketHandler.cpp
  CalendarHandler.cpp
  ChallengeModeHandler.cpp
  ChannelHandler.cpp
  CharacterHandler.cpp
  ChatHandler.cpp
  ClubFinderHandler.cpp
  CollectionsHandler.cpp
  CombatHandler.cpp
  CommentatorHandler.cpp
  ContentTrackingHandler.cpp
  ContributionHandler.cpp
  CraftingOrderHandler.cpp
  CurrencyHandler.cpp
  DelvesHandler.cpp
  DuelHandler.cpp
  GarrisonHandler.cpp
  GroupHandler.cpp
  GuildHandler.cpp
  HotfixHandler.cpp
  HousingHandler.cpp
  InspectHandler.cpp
  ItemHandler.cpp
  LFGHandler.cpp
  LFGListHandler.cpp
  LootHandler.cpp
  MailHandler.cpp
  MiscHandler.cpp
  MovementHandler.cpp
  NPCHandler.cpp
  NeighborhoodHandler.cpp
  PetHandler.cpp
  PetitionsHandler.cpp
  QueryHandler.cpp
  QuestHandler.cpp
  RecentAllyHandler.cpp
  ReferAFriendHandler.cpp
  ScenarioHandler.cpp
  SceneHandler.cpp
  SkillHandler.cpp
  SocialHandler.cpp
  SpellHandler.cpp
  TaxiHandler.cpp
  TicketHandler.cpp
  ToyHandler.cpp
  TradeHandler.cpp
  TraitHandler.cpp
  TransmogrificationHandler.cpp
  VehicleHandler.cpp
  WeeklyRewardHandler.cpp
  HouseInteriorMap.cpp
  Housing.cpp
  HousingMap.cpp
  HousingMgr.cpp
  InitiativeManager.cpp
  Neighborhood.cpp
  NeighborhoodCharter.cpp
  NeighborhoodMgr.cpp
  InstanceLockMgr.cpp
  InstanceScript.cpp
  InstanceScriptData.cpp
  enuminfo_InstanceScript.cpp
  LFGListMgr.cpp
  Loot.cpp
  LootItemStorage.cpp
  LootMgr.cpp
  Mail.cpp
  AreaBoundary.cpp
  DynamicMMapTileBuilder.cpp
  GridMap.cpp
  Map.cpp
  MapManager.cpp
  MapReference.cpp
  MapScripts.cpp
  MapUpdater.cpp
  TerrainMgr.cpp
  TransportMgr.cpp
  ZoneScript.cpp
  enuminfo_SpawnData.cpp
  CommonPredicates.cpp
  PerksProgramActivityMgr.cpp
  PerksProgramMgr.cpp
  enuminfo_RaceMask.cpp
  AbstractFollower.cpp
  MotionMaster.cpp
  MovementDefines.cpp
  MovementGenerator.cpp
  PathGenerator.cpp
  enuminfo_MovementDefines.cpp
  ChaseMovementGenerator.cpp
  ConfusedMovementGenerator.cpp
  FleeingMovementGenerator.cpp
  FlightPathMovementGenerator.cpp
  FollowMovementGenerator.cpp
  FormationMovementGenerator.cpp
  GenericMovementGenerator.cpp
  HomeMovementGenerator.cpp
  IdleMovementGenerator.cpp
  PointMovementGenerator.cpp
  RandomMovementGenerator.cpp
  SplineChainMovementGenerator.cpp
  WaypointMovementGenerator.cpp
  MoveSpline.cpp
  Spline.cpp
  WaypointManager.cpp
  OutdoorPvP.cpp
  OutdoorPvPMgr.cpp
  PetitionMgr.cpp
  PersonalPhaseTracker.cpp
  PhaseShift.cpp
  PhasingHandler.cpp
  PoolMgr.cpp
  QuestPools.cpp
  AreaPoiMgr.cpp
  QuestDef.cpp
  QuestMgr.cpp
  QuestObjectiveCriteriaMgr.cpp
  WorldQuestMgr.cpp
  enuminfo_QuestDef.cpp
  ReputationMgr.cpp
  InstanceScenario.cpp
  Scenario.cpp
  ScenarioMgr.cpp
  ScriptReloadMgr.cpp
  ScriptSystem.cpp
  ScriptActions.cpp
  Packet.cpp
  WorldSession.cpp
  WorldSocket.cpp
  WorldSocketMgr.cpp
  AccountStorePackets.cpp
  AchievementPackets.cpp
  AddonPackets.cpp
  AdventureJournalPackets.cpp
  AdventureMapPackets.cpp
  AreaTriggerPackets.cpp
  ArtifactPackets.cpp
  AuctionHousePackets.cpp
  AuthenticationPackets.cpp
  AzeritePackets.cpp
  BattlePayPackets.cpp
  BattlePetPackets.cpp
  BattlegroundPackets.cpp
  BattlenetPackets.cpp
  BlackMarketPackets.cpp
  CalendarPackets.cpp
  ChannelPackets.cpp
  CharacterPackets.cpp
  ChatPackets.cpp
  ClientConfigPackets.cpp
  CollectionPackets.cpp
  CombatLogPackets.cpp
  CombatLogPacketsCommon.cpp
  CombatPackets.cpp
  CommentatorPackets.cpp
  ContentTrackingPackets.cpp
  ContributionPackets.cpp
  CraftingOrderPackets.cpp
  CraftingPacketsCommon.cpp
  DelvesPackets.cpp
  DuelPackets.cpp
  EquipmentSetPackets.cpp
  GarrisonPackets.cpp
  GuildPackets.cpp
  HotfixPackets.cpp
  HousingPackets.cpp
  InspectPackets.cpp
  InstancePackets.cpp
  ItemPackets.cpp
  ItemPacketsCommon.cpp
  LFGListPackets.cpp
  LFGPackets.cpp
  LFGPacketsCommon.cpp
  LootPackets.cpp
  MailPackets.cpp
  MiscPackets.cpp
  MovementPackets.cpp
  NPCPackets.cpp
  PacketUtilities.cpp
  PartyPackets.cpp
  PerksProgramPackets.cpp
  PetPackets.cpp
  PetitionPackets.cpp
  QuestPackets.cpp
  RecentAllyPackets.cpp
  ReferAFriendPackets.cpp
  ReputationPackets.cpp
  ScenarioPackets.cpp
  ScenePackets.cpp
  SocialPackets.cpp
  SpellPackets.cpp
  SystemPackets.cpp
  TalentPackets.cpp
  TaxiPackets.cpp
  TicketPackets.cpp
  TokenPackets.cpp
  TotemPackets.cpp
  TraitPackets.cpp
  TraitPacketsCommon.cpp
  TransmogrificationPackets.cpp
  VehiclePackets.cpp
  VignettePackets.cpp
  WeeklyRewardsPackets.cpp
  Opcodes.cpp
  PacketLog.cpp
  ClubMembershipService.cpp
  ClubService.cpp
  ClubUtils.cpp
  WorldserverServiceDispatcher.cpp
  SkillDiscovery.cpp
  SkillExtraItems.cpp
  Spell.cpp
  SpellEffects.cpp
  SpellHistory.cpp
  SpellInfo.cpp
  SpellMgr.cpp
  SpellScript.cpp
  TraitMgr.cpp
  WhoListStorage.cpp
  SupportMgr.cpp
  ChatTextBuilder.cpp
  CreatureTextMgr.cpp
  GameTime.cpp
  UpdateTime.cpp
  WowTime.cpp
  CharacterDatabaseCleaner.cpp
  PlayerDump.cpp
  TransmogMgr.cpp
  Weather.cpp
  WeatherMgr.cpp
  World.cpp
  WorldStateMgr.cpp
  WowTokenMgr.cpp
  game.vcxproj -> I:\TrinityCore\_integration-all-systems\build\src\server\game\Release\game.lib
  gsoap.vcxproj -> I:\TrinityCore\_integration-all-systems\build\dep\gsoap\Release\gsoap.lib
  scripts.vcxproj -> I:\TrinityCore\_integration-all-systems\build\src\server\scripts\Release\scripts.lib
     Bibliothek "I:/TrinityCore/_integration-all-systems/build/src/server/worldserver/Release/worldserver.lib" und Objekt "I:/TrinityCore/_integration-all-systems/build/src/server/worldserver/Release/worldserver.exp" werden erstellt.
  worldserver.vcxproj -> I:\TrinityCore\_integration-all-systems\build\bin\Release\worldserver.exe
  Der Befehl "pwsh.exe" ist entweder falsch geschrieben oder
  konnte nicht gefunden werden.
exit=0
