MSBuild-Version 17.14.23+b0019275e für .NET Framework

  Detour.vcxproj -> I:\TrinityCore\_integration-all-systems\build\dep\recastnavigation\Detour\RelWithDebInfo\Detour.lib
  Recast.vcxproj -> I:\TrinityCore\_integration-all-systems\build\dep\recastnavigation\Recast\RelWithDebInfo\Recast.lib
  argon2.vcxproj -> I:\TrinityCore\_integration-all-systems\build\dep\argon2\RelWithDebInfo\argon2.lib
  fmt.vcxproj -> I:\TrinityCore\_integration-all-systems\build\dep\fmt\RelWithDebInfo\fmt.lib
  zlib.vcxproj -> I:\TrinityCore\_integration-all-systems\build\dep\zlib\RelWithDebInfo\zlib.lib
  g3dlib.vcxproj -> I:\TrinityCore\_integration-all-systems\build\dep\g3dlite\RelWithDebInfo\g3dlib.lib
  openssl_ed25519.vcxproj -> I:\TrinityCore\_integration-all-systems\build\bin\RelWithDebInfo\openssl_ed25519.dll
  sfmt.vcxproj -> I:\TrinityCore\_integration-all-systems\build\dep\SFMT\RelWithDebInfo\sfmt.lib
  GitRevision.cpp
  common.vcxproj -> I:\TrinityCore\_integration-all-systems\build\src\common\RelWithDebInfo\common.lib
  database.vcxproj -> I:\TrinityCore\_integration-all-systems\build\src\server\database\RelWithDebInfo\database.lib
  mmaps_common.vcxproj -> I:\TrinityCore\_integration-all-systems\build\src\common\mmaps_common\RelWithDebInfo\mmaps_common.lib
  network.vcxproj -> I:\TrinityCore\_integration-all-systems\build\src\common\network\RelWithDebInfo\trinity_network.lib
  protobuf.vcxproj -> I:\TrinityCore\_integration-all-systems\build\dep\protobuf\RelWithDebInfo\protobuf.lib
  proto.vcxproj -> I:\TrinityCore\_integration-all-systems\build\src\server\proto\RelWithDebInfo\proto.lib
  shared.vcxproj -> I:\TrinityCore\_integration-all-systems\build\src\server\shared\RelWithDebInfo\shared.lib
  CriteriaHandler.cpp
  Player.cpp
  HousingHandler.cpp
  NeighborhoodHandler.cpp
  QueryHandler.cpp
  HouseInteriorMap.cpp
  Housing.cpp
  HousingMap.cpp
  HousingMgr.cpp
  InitiativeManager.cpp
  Neighborhood.cpp
  NeighborhoodCharter.cpp
  NeighborhoodMgr.cpp
  MapManager.cpp
  SpellEffects.cpp
  World.cpp
  game.vcxproj -> I:\TrinityCore\_integration-all-systems\build\src\server\game\RelWithDebInfo\game.lib
  gsoap.vcxproj -> I:\TrinityCore\_integration-all-systems\build\dep\gsoap\RelWithDebInfo\gsoap.lib
  at_housing_plot.cpp
  go_housing_door.cpp
I:\TrinityCore\_integration-all-systems\src\server\scripts\World\go_housing_door.cpp(230,42): error C2872: "HOUSE_INTERIOR_MAP_ID": Mehrdeutiges Symbol [I:\TrinityCore\_integration-all-systems\build\src\server\scripts\scripts.vcxproj]
  (Quelldatei „../../../../src/server/scripts/World/go_housing_door.cpp“ wird kompiliert)
      I:\TrinityCore\_integration-all-systems\src\server\game\Housing\HousingDefines.h(930,25):
      kann "const uint32 HOUSE_INTERIOR_MAP_ID" sein
      I:\TrinityCore\_integration-all-systems\src\server\scripts\World\go_housing_door.cpp(38,22):
      oder "const uint32 `anonymous-namespace'::HOUSE_INTERIOR_MAP_ID"
  
I:\TrinityCore\_integration-all-systems\src\server\scripts\World\go_housing_door.cpp(235,17): error C2872: "HOUSE_INTERIOR_MAP_ID": Mehrdeutiges Symbol [I:\TrinityCore\_integration-all-systems\build\src\server\scripts\scripts.vcxproj]
  (Quelldatei „../../../../src/server/scripts/World/go_housing_door.cpp“ wird kompiliert)
      I:\TrinityCore\_integration-all-systems\src\server\game\Housing\HousingDefines.h(930,25):
      kann "const uint32 HOUSE_INTERIOR_MAP_ID" sein
      I:\TrinityCore\_integration-all-systems\src\server\scripts\World\go_housing_door.cpp(38,22):
      oder "const uint32 `anonymous-namespace'::HOUSE_INTERIOR_MAP_ID"
  
I:\TrinityCore\_integration-all-systems\src\server\scripts\World\go_housing_door.cpp(241,17): error C2872: "HOUSE_INTERIOR_MAP_ID": Mehrdeutiges Symbol [I:\TrinityCore\_integration-all-systems\build\src\server\scripts\scripts.vcxproj]
  (Quelldatei „../../../../src/server/scripts/World/go_housing_door.cpp“ wird kompiliert)
      I:\TrinityCore\_integration-all-systems\src\server\game\Housing\HousingDefines.h(930,25):
      kann "const uint32 HOUSE_INTERIOR_MAP_ID" sein
      I:\TrinityCore\_integration-all-systems\src\server\scripts\World\go_housing_door.cpp(38,22):
      oder "const uint32 `anonymous-namespace'::HOUSE_INTERIOR_MAP_ID"
  
