MSBuild-Version 17.14.23+b0019275e für .NET Framework

  Detour.vcxproj -> I:\TrinityCore\commerce\build44\dep\recastnavigation\Detour\RelWithDebInfo\Detour.lib
  Recast.vcxproj -> I:\TrinityCore\commerce\build44\dep\recastnavigation\Recast\RelWithDebInfo\Recast.lib
  argon2.vcxproj -> I:\TrinityCore\commerce\build44\dep\argon2\RelWithDebInfo\argon2.lib
  fmt.vcxproj -> I:\TrinityCore\commerce\build44\dep\fmt\RelWithDebInfo\fmt.lib
  zlib.vcxproj -> I:\TrinityCore\commerce\build44\dep\zlib\RelWithDebInfo\zlib.lib
  g3dlib.vcxproj -> I:\TrinityCore\commerce\build44\dep\g3dlite\RelWithDebInfo\g3dlib.lib
  openssl_ed25519.vcxproj -> I:\TrinityCore\commerce\build44\bin\RelWithDebInfo\openssl_ed25519.dll
  sfmt.vcxproj -> I:\TrinityCore\commerce\build44\dep\SFMT\RelWithDebInfo\sfmt.lib
  GitRevision.cpp
  common.vcxproj -> I:\TrinityCore\commerce\build44\src\common\RelWithDebInfo\common.lib
  database.vcxproj -> I:\TrinityCore\commerce\build44\src\server\database\RelWithDebInfo\database.lib
  mmaps_common.vcxproj -> I:\TrinityCore\commerce\build44\src\common\mmaps_common\RelWithDebInfo\mmaps_common.lib
  network.vcxproj -> I:\TrinityCore\commerce\build44\src\common\network\RelWithDebInfo\trinity_network.lib
  protobuf.vcxproj -> I:\TrinityCore\commerce\build44\dep\protobuf\RelWithDebInfo\protobuf.lib
  proto.vcxproj -> I:\TrinityCore\commerce\build44\src\server\proto\RelWithDebInfo\proto.lib
  shared.vcxproj -> I:\TrinityCore\commerce\build44\src\server\shared\RelWithDebInfo\shared.lib
  cmake_pch.cxx
  AreaTriggerAI.cpp
  CombatAI.cpp
  ConversationAI.cpp
  GameObjectAI.cpp
  GuardAI.cpp
  PassiveAI.cpp
  PetAI.cpp
  ReactorAI.cpp
  TotemAI.cpp
  UnitAI.cpp
  UnitAICommon.cpp
  enuminfo_UnitAICommon.cpp
  CreatureAI.cpp
  CreatureAIRegistry.cpp
  CreatureAISelector.cpp
  PlayerAI.cpp
  ScriptedCreature.cpp
  ScriptedEscortAI.cpp
  ScriptedFollowerAI.cpp
  ScriptedGossip.cpp
  SmartAI.cpp
  SmartScript.cpp
  SmartScriptMgr.cpp
  AccountMgr.cpp
  BattlenetAccountMgr.cpp
  RBAC.cpp
  AchievementMgr.cpp
  CriteriaHandler.cpp
  AuctionHouseBot.cpp
  AuctionHouseBotBuyer.cpp
  AuctionHouseBotSeller.cpp
  enuminfo_AuctionHouseBot.cpp
  AuctionHouseMgr.cpp
  BattlePayCatalogWriter.cpp
  BattlePayMgr.cpp
  BattlePetMgr.cpp
  Battlefield.cpp
  BattlefieldMgr.cpp
  Arena.cpp
  ArenaScore.cpp
  ArenaTeam.cpp
  ArenaTeamMgr.cpp
  Battleground.cpp
  BattlegroundMgr.cpp
  BattlegroundQueue.cpp
  BattlegroundScore.cpp
  BattlegroundScript.cpp
  enuminfo_ArenaTeam.cpp
  BlackMarketMgr.cpp
  CharacterCache.cpp
  CalendarMgr.cpp
  Channel.cpp
  ChannelMgr.cpp
  enuminfo_Channel.cpp
  Chat.cpp
  ChatCommand.cpp
  ChatCommandArgs.cpp
  ChatCommandHelpers.cpp
  ChatCommandTags.cpp
  HyperlinkTags.cpp
  Hyperlinks.cpp
  LanguageMgr.cpp
  CombatManager.cpp
  ThreatManager.cpp
  ConditionMgr.cpp
  DisableMgr.cpp
  DB2HotfixGenerator.cpp
  DB2Stores.cpp
  GameTables.cpp
  M2Stores.cpp
  LFG.cpp
  LFGGroupData.cpp
  LFGMgr.cpp
  LFGPlayerData.cpp
  LFGQueue.cpp
  LFGScripts.cpp
  Account.cpp
  AreaTrigger.cpp
  AreaTriggerTemplate.cpp
  Conversation.cpp
  Corpse.cpp
  Creature.cpp
  CreatureGroups.cpp
  GossipDef.cpp
  TemporarySummon.cpp
  Trainer.cpp
  enuminfo_CreatureData.cpp
  DynamicObject.cpp
  GameObject.cpp
  AzeriteEmpoweredItem.cpp
  AzeriteItem.cpp
  Bag.cpp
  Item.cpp
  ItemBonusMgr.cpp
  ItemEnchantmentMgr.cpp
  ItemTemplate.cpp
  enuminfo_ItemDefines.cpp
  BaseEntity.cpp
  Object.cpp
  ObjectGuid.cpp
  ObjectGuidSequenceGenerator.cpp
  ObjectPosSelector.cpp
  Position.cpp
  SmoothPhasing.cpp
  UpdateData.cpp
  UpdateFields.cpp
  WowCSEntityDefinitions.cpp
  Pet.cpp
  CinematicMgr.cpp
  CollectionMgr.cpp
  KillRewarder.cpp
  Player.cpp
  PlayerTaxi.cpp
  RestMgr.cpp
  SceneMgr.cpp
  SocialMgr.cpp
  TradeData.cpp
  SceneObject.cpp
  TaxiPathGraph.cpp
  Totem.cpp
  Transport.cpp
  CharmInfo.cpp
  StatSystem.cpp
  Unit.cpp
  Vignette.cpp
  enuminfo_UnitDefines.cpp
  Vehicle.cpp
  GameEventMgr.cpp
  GameEventSender.cpp
  Garrison.cpp
  GarrisonMap.cpp
  GarrisonMgr.cpp
  AreaTriggerDataStore.cpp
  CharacterTemplateDataStore.cpp
  ConversationDataStore.cpp
  ObjectAccessor.cpp
  ObjectMgr.cpp
  GridStates.cpp
  NGrid.cpp
  GridNotifiers.cpp
  ObjectGridLoader.cpp
  Group.cpp
  GroupInstanceReference.cpp
  GroupMgr.cpp
  GroupReference.cpp
  Guild.cpp
  GuildMgr.cpp
  AdventureJournalHandler.cpp
  AdventureMapHandler.cpp
  ArtifactHandler.cpp
  AuctionHouseHandler.cpp
  AuthHandler.cpp
  AzeriteHandler.cpp
  BankHandler.cpp
  BattleGroundHandler.cpp
  BattlePayHandler.cpp
  BattlePetHandler.cpp
  BattlenetHandler.cpp
  BlackMarketHandler.cpp
  CalendarHandler.cpp
  ChannelHandler.cpp
  CharacterHandler.cpp
  ChatHandler.cpp
  CollectionsHandler.cpp
  CombatHandler.cpp
  DuelHandler.cpp
  GarrisonHandler.cpp
  GroupHandler.cpp
  GuildHandler.cpp
  HotfixHandler.cpp
  HousingHandler.cpp
  InspectHandler.cpp
  ItemHandler.cpp
  LFGHandler.cpp
  LootHandler.cpp
  MailHandler.cpp
  MiscHandler.cpp
  MovementHandler.cpp
  NPCHandler.cpp
  PetHandler.cpp
  PetitionsHandler.cpp
  QueryHandler.cpp
  QuestHandler.cpp
  ScenarioHandler.cpp
  SceneHandler.cpp
  SkillHandler.cpp
  SocialHandler.cpp
  SpellHandler.cpp
  TaxiHandler.cpp
  TicketHandler.cpp
  TokenHandler.cpp
  ToyHandler.cpp
  TradeHandler.cpp
  TraitHandler.cpp
  TransmogrificationHandler.cpp
  VehicleHandler.cpp
  InstanceLockMgr.cpp
  InstanceScript.cpp
  InstanceScriptData.cpp
  enuminfo_InstanceScript.cpp
  Loot.cpp
  LootItemStorage.cpp
  LootMgr.cpp
  Mail.cpp
  AreaBoundary.cpp
  DynamicMMapTileBuilder.cpp
  GridMap.cpp
  Map.cpp
  MapManager.cpp
  MapReference.cpp
  MapScripts.cpp
  MapUpdater.cpp
  TerrainMgr.cpp
  TransportMgr.cpp
  ZoneScript.cpp
  enuminfo_SpawnData.cpp
  CommonHelpers.cpp
  CommonPredicates.cpp
  enuminfo_RaceMask.cpp
  enuminfo_SharedDefines.cpp
  AbstractFollower.cpp
  MotionMaster.cpp
  MovementDefines.cpp
  MovementGenerator.cpp
  ChaseMovementGenerator.cpp
  ConfusedMovementGenerator.cpp
  FleeingMovementGenerator.cpp
  FlightPathMovementGenerator.cpp
  FollowMovementGenerator.cpp
  FormationMovementGenerator.cpp
  GenericMovementGenerator.cpp
  HomeMovementGenerator.cpp
  IdleMovementGenerator.cpp
  PointMovementGenerator.cpp
  RandomMovementGenerator.cpp
  SplineChainMovementGenerator.cpp
  WaypointMovementGenerator.cpp
  PathGenerator.cpp
  MoveSpline.cpp
  MoveSplineInit.cpp
  MovementUtil.cpp
  Spline.cpp
  enuminfo_MoveSplineFlag.cpp
  WaypointManager.cpp
  enuminfo_MovementDefines.cpp
  OutdoorPvP.cpp
  OutdoorPvPMgr.cpp
  PetitionMgr.cpp
  PersonalPhaseTracker.cpp
  PhaseShift.cpp
  PhasingHandler.cpp
  PoolMgr.cpp
  QuestPools.cpp
  QuestDef.cpp
  QuestMgr.cpp
  QuestObjectiveCriteriaMgr.cpp
  enuminfo_QuestDef.cpp
  ReputationMgr.cpp
  InstanceScenario.cpp
  Scenario.cpp
  ScenarioMgr.cpp
  ScriptMgr.cpp
  ScriptReloadMgr.cpp
  ScriptSystem.cpp
  ScriptActions.cpp
  Packet.cpp
  AchievementPackets.cpp
  AddonPackets.cpp
  AdventureJournalPackets.cpp
  AdventureMapPackets.cpp
  AreaTriggerPackets.cpp
  ArtifactPackets.cpp
  AuctionHousePackets.cpp
  AuthenticationPackets.cpp
  AzeritePackets.cpp
  BankPackets.cpp
  BattlePayPackets.cpp
  BattlePetPackets.cpp
  BattlegroundPackets.cpp
  BattlenetPackets.cpp
  BlackMarketPackets.cpp
  CalendarPackets.cpp
  ChannelPackets.cpp
  CharacterPackets.cpp
  ChatPackets.cpp
  ClientConfigPackets.cpp
  CollectionPackets.cpp
  CombatLogPackets.cpp
  CombatLogPacketsCommon.cpp
  CombatPackets.cpp
  CraftingPacketsCommon.cpp
  DuelPackets.cpp
  EquipmentSetPackets.cpp
  GameObjectPackets.cpp
  GarrisonPackets.cpp
  GuildPackets.cpp
  HotfixPackets.cpp
  HousingPackets.cpp
  InspectPackets.cpp
  InstancePackets.cpp
  ItemPackets.cpp
  ItemPacketsCommon.cpp
  LFGPackets.cpp
  LFGPacketsCommon.cpp
  LootPackets.cpp
  MailPackets.cpp
  MiscPackets.cpp
  MovementPackets.cpp
  MythicPlusPacketsCommon.cpp
  NPCPackets.cpp
  PacketUtilities.cpp
  PartyPackets.cpp
  PerksProgramPacketsCommon.cpp
  PetPackets.cpp
  PetitionPackets.cpp
  QueryPackets.cpp
  QuestPackets.cpp
  ReferAFriendPackets.cpp
  ReputationPackets.cpp
  ScenarioPackets.cpp
  ScenePackets.cpp
  SocialPackets.cpp
  SpellPackets.cpp
  SystemPackets.cpp
  TalentPackets.cpp
  TaxiPackets.cpp
  TicketPackets.cpp
  TokenPackets.cpp
  TotemPackets.cpp
  ToyPackets.cpp
  TradePackets.cpp
  TraitPackets.cpp
  TraitPacketsCommon.cpp
  TransmogrificationPackets.cpp
  VehiclePackets.cpp
  VignettePackets.cpp
  WhoPackets.cpp
  WorldStatePackets.cpp
  Opcodes.cpp
  PacketLog.cpp
  WorldSession.cpp
  WorldSocket.cpp
  WorldSocketMgr.cpp
  ClubMembershipService.cpp
  ClubService.cpp
  ClubUtils.cpp
  WorldserverGameUtilitiesService.cpp
  WorldserverServiceDispatcher.cpp
  SkillDiscovery.cpp
  SkillExtraItems.cpp
  SpellAuraEffects.cpp
  SpellAuras.cpp
  Spell.cpp
  SpellEffects.cpp
  SpellHistory.cpp
  SpellInfo.cpp
  SpellMgr.cpp
  SpellScript.cpp
  TraitMgr.cpp
  WhoListStorage.cpp
  SupportMgr.cpp
  ChatTextBuilder.cpp
  CreatureTextMgr.cpp
  GameTime.cpp
  UpdateTime.cpp
  WowTime.cpp
  CharacterDatabaseCleaner.cpp
  PlayerDump.cpp
  TransmogMgr.cpp
  Weather.cpp
  WeatherMgr.cpp
  World.cpp
  WorldStateMgr.cpp
  WowTokenMgr.cpp
  game.vcxproj -> I:\TrinityCore\commerce\build44\src\server\game\RelWithDebInfo\game.lib
