MSBuild-Version 17.14.23+b0019275e für .NET Framework

  Recast.vcxproj -> I:\tc_allsys\build\dep\recastnavigation\Recast\Release\Recast.lib
  Detour.vcxproj -> I:\tc_allsys\build\dep\recastnavigation\Detour\Release\Detour.lib
  fmt.vcxproj -> I:\tc_allsys\build\dep\fmt\Release\fmt.lib
  zlib.vcxproj -> I:\tc_allsys\build\dep\zlib\Release\zlib.lib
  openssl_ed25519.vcxproj -> I:\tc_allsys\build\bin\Release\openssl_ed25519.dll
  g3dlib.vcxproj -> I:\tc_allsys\build\dep\g3dlite\Release\g3dlib.lib
  sfmt.vcxproj -> I:\tc_allsys\build\dep\SFMT\Release\sfmt.lib
  argon2.vcxproj -> I:\tc_allsys\build\dep\argon2\Release\argon2.lib
  gsoap.vcxproj -> I:\tc_allsys\build\dep\gsoap\Release\gsoap.lib
  protobuf.vcxproj -> I:\tc_allsys\build\dep\protobuf\Release\protobuf.lib
  GitRevision.cpp
  common.vcxproj -> I:\tc_allsys\build\src\common\Release\common.lib
  database.vcxproj -> I:\tc_allsys\build\src\server\database\Release\database.lib
  network.vcxproj -> I:\tc_allsys\build\src\common\network\Release\trinity_network.lib
  proto.vcxproj -> I:\tc_allsys\build\src\server\proto\Release\proto.lib
  mmaps_common.vcxproj -> I:\tc_allsys\build\src\common\mmaps_common\Release\mmaps_common.lib
  shared.vcxproj -> I:\tc_allsys\build\src\server\shared\Release\shared.lib
  game.vcxproj -> I:\tc_allsys\build\src\server\game\Release\game.lib
  spell_hunter.cpp
  scripts.vcxproj -> I:\tc_allsys\build\src\server\scripts\Release\scripts.lib
