
  Detour.vcxproj -> I:\TrinityCore\_integration-all-systems\build\dep\recastnavigation\Detour\RelWithDebInfo\Detour.lib
  argon2.vcxproj -> I:\TrinityCore\_integration-all-systems\build\dep\argon2\RelWithDebInfo\argon2.lib
  Recast.vcxproj -> I:\TrinityCore\_integration-all-systems\build\dep\recastnavigation\Recast\RelWithDebInfo\Recast.lib
  fmt.vcxproj -> I:\TrinityCore\_integration-all-systems\build\dep\fmt\RelWithDebInfo\fmt.lib
  gsoap.vcxproj -> I:\TrinityCore\_integration-all-systems\build\dep\gsoap\RelWithDebInfo\gsoap.lib
  openssl_ed25519.vcxproj -> I:\TrinityCore\_integration-all-systems\build\bin\RelWithDebInfo\openssl_ed25519.dll
  sfmt.vcxproj -> I:\TrinityCore\_integration-all-systems\build\dep\SFMT\RelWithDebInfo\sfmt.lib
  zlib.vcxproj -> I:\TrinityCore\_integration-all-systems\build\dep\zlib\RelWithDebInfo\zlib.lib
  protobuf.vcxproj -> I:\TrinityCore\_integration-all-systems\build\dep\protobuf\RelWithDebInfo\protobuf.lib
  g3dlib.vcxproj -> I:\TrinityCore\_integration-all-systems\build\dep\g3dlite\RelWithDebInfo\g3dlib.lib
  GitRevision.cpp
  common.vcxproj -> I:\TrinityCore\_integration-all-systems\build\src\common\RelWithDebInfo\common.lib
  mmaps_common.vcxproj -> I:\TrinityCore\_integration-all-systems\build\src\common\mmaps_common\RelWithDebInfo\mmaps_common.lib
  database.vcxproj -> I:\TrinityCore\_integration-all-systems\build\src\server\database\RelWithDebInfo\database.lib
  network.vcxproj -> I:\TrinityCore\_integration-all-systems\build\src\common\network\RelWithDebInfo\trinity_network.lib
  proto.vcxproj -> I:\TrinityCore\_integration-all-systems\build\src\server\proto\RelWithDebInfo\proto.lib
  shared.vcxproj -> I:\TrinityCore\_integration-all-systems\build\src\server\shared\RelWithDebInfo\shared.lib
  CriteriaHandler.cpp
  GameObject.cpp
  Player.cpp
  Garrison.cpp
  GarrisonMap.cpp
  GarrisonMgr.cpp
  GarrisonHandler.cpp
  MovementHandler.cpp
  SpellEffects.cpp
I:\TrinityCore\_integration-all-systems\src\server\game\Entities\GameObject\GameObject.cpp(1,1): error C1853: 'I:/TrinityCore/_integration-all-systems/build/src/server/game/game.dir/RelWithDebInfo/cmake_pch.pch' precompiled header file is from a different version of the compiler, or the precompiled header is C++ and you are using it from C (or vice versa) [I:\TrinityCore\_integration-all-systems\build\src\server\game\game.vcxproj]
I:\TrinityCore\_integration-all-systems\src\server\game\Achievements\CriteriaHandler.cpp(1,1): error C1853: 'I:/TrinityCore/_integration-all-systems/build/src/server/game/game.dir/RelWithDebInfo/cmake_pch.pch' precompiled header file is from a different version of the compiler, or the precompiled header is C++ and you are using it from C (or vice versa) [I:\TrinityCore\_integration-all-systems\build\src\server\game\game.vcxproj]
I:\TrinityCore\_integration-all-systems\src\server\game\Entities\Player\Player.cpp(1,1): error C1853: 'I:/TrinityCore/_integration-all-systems/build/src/server/game/game.dir/RelWithDebInfo/cmake_pch.pch' precompiled header file is from a different version of the compiler, or the precompiled header is C++ and you are using it from C (or vice versa) [I:\TrinityCore\_integration-all-systems\build\src\server\game\game.vcxproj]
I:\TrinityCore\_integration-all-systems\src\server\game\Garrison\Garrison.cpp(1,1): error C1853: 'I:/TrinityCore/_integration-all-systems/build/src/server/game/game.dir/RelWithDebInfo/cmake_pch.pch' precompiled header file is from a different version of the compiler, or the precompiled header is C++ and you are using it from C (or vice versa) [I:\TrinityCore\_integration-all-systems\build\src\server\game\game.vcxproj]
I:\TrinityCore\_integration-all-systems\src\server\game\Garrison\GarrisonMgr.cpp(1,1): error C1853: 'I:/TrinityCore/_integration-all-systems/build/src/server/game/game.dir/RelWithDebInfo/cmake_pch.pch' precompiled header file is from a different version of the compiler, or the precompiled header is C++ and you are using it from C (or vice versa) [I:\TrinityCore\_integration-all-systems\build\src\server\game\game.vcxproj]
I:\TrinityCore\_integration-all-systems\src\server\game\Garrison\GarrisonMap.cpp(1,1): error C1853: 'I:/TrinityCore/_integration-all-systems/build/src/server/game/game.dir/RelWithDebInfo/cmake_pch.pch' precompiled header file is from a different version of the compiler, or the precompiled header is C++ and you are using it from C (or vice versa) [I:\TrinityCore\_integration-all-systems\build\src\server\game\game.vcxproj]
I:\TrinityCore\_integration-all-systems\src\server\game\Handlers\GarrisonHandler.cpp(1,1): error C1853: 'I:/TrinityCore/_integration-all-systems/build/src/server/game/game.dir/RelWithDebInfo/cmake_pch.pch' precompiled header file is from a different version of the compiler, or the precompiled header is C++ and you are using it from C (or vice versa) [I:\TrinityCore\_integration-all-systems\build\src\server\game\game.vcxproj]
I:\TrinityCore\_integration-all-systems\src\server\game\Handlers\MovementHandler.cpp(1,1): error C1853: 'I:/TrinityCore/_integration-all-systems/build/src/server/game/game.dir/RelWithDebInfo/cmake_pch.pch' precompiled header file is from a different version of the compiler, or the precompiled header is C++ and you are using it from C (or vice versa) [I:\TrinityCore\_integration-all-systems\build\src\server\game\game.vcxproj]
I:\TrinityCore\_integration-all-systems\src\server\game\Spells\SpellEffects.cpp(1,1): error C1853: 'I:/TrinityCore/_integration-all-systems/build/src/server/game/game.dir/RelWithDebInfo/cmake_pch.pch' precompiled header file is from a different version of the compiler, or the precompiled header is C++ and you are using it from C (or vice versa) [I:\TrinityCore\_integration-all-systems\build\src\server\game\game.vcxproj]
  orderhall_legion.cpp
  zone_orderhall_hunter.cpp
  cs_garrison.cpp
  garrison_generic.cpp
  garrison_invasion.cpp
  npc_garrison_bodyguard.cpp
  scripts.vcxproj -> I:\TrinityCore\_integration-all-systems\build\src\server\scripts\RelWithDebInfo\scripts.lib
