MSBuild-Version 17.14.23+b0019275e für .NET Framework

  Detour.vcxproj -> I:\TrinityCore\_integration-all-systems\build\dep\recastnavigation\Detour\RelWithDebInfo\Detour.lib
  Recast.vcxproj -> I:\TrinityCore\_integration-all-systems\build\dep\recastnavigation\Recast\RelWithDebInfo\Recast.lib
  argon2.vcxproj -> I:\TrinityCore\_integration-all-systems\build\dep\argon2\RelWithDebInfo\argon2.lib
  fmt.vcxproj -> I:\TrinityCore\_integration-all-systems\build\dep\fmt\RelWithDebInfo\fmt.lib
  zlib.vcxproj -> I:\TrinityCore\_integration-all-systems\build\dep\zlib\RelWithDebInfo\zlib.lib
  g3dlib.vcxproj -> I:\TrinityCore\_integration-all-systems\build\dep\g3dlite\RelWithDebInfo\g3dlib.lib
  openssl_ed25519.vcxproj -> I:\TrinityCore\_integration-all-systems\build\bin\RelWithDebInfo\openssl_ed25519.dll
  sfmt.vcxproj -> I:\TrinityCore\_integration-all-systems\build\dep\SFMT\RelWithDebInfo\sfmt.lib
  common.vcxproj -> I:\TrinityCore\_integration-all-systems\build\src\common\RelWithDebInfo\common.lib
  database.vcxproj -> I:\TrinityCore\_integration-all-systems\build\src\server\database\RelWithDebInfo\database.lib
  mmaps_common.vcxproj -> I:\TrinityCore\_integration-all-systems\build\src\common\mmaps_common\RelWithDebInfo\mmaps_common.lib
  network.vcxproj -> I:\TrinityCore\_integration-all-systems\build\src\common\network\RelWithDebInfo\trinity_network.lib
  protobuf.vcxproj -> I:\TrinityCore\_integration-all-systems\build\dep\protobuf\RelWithDebInfo\protobuf.lib
  proto.vcxproj -> I:\TrinityCore\_integration-all-systems\build\src\server\proto\RelWithDebInfo\proto.lib
  shared.vcxproj -> I:\TrinityCore\_integration-all-systems\build\src\server\shared\RelWithDebInfo\shared.lib
  World.cpp
I:\TrinityCore\_integration-all-systems\src\server\game\World\World.cpp(2019,1): error C2059: Syntaxfehler: "<<" [I:\TrinityCore\_integration-all-systems\build\src\server\game\game.vcxproj]
  (Quelldatei „../../../../src/server/game/World/World.cpp“ wird kompiliert)
  
I:\TrinityCore\_integration-all-systems\src\server\game\World\World.cpp(2020,5): error C2143: Syntaxfehler: Es fehlt ";" vor "{" [I:\TrinityCore\_integration-all-systems\build\src\server\game\game.vcxproj]
  (Quelldatei „../../../../src/server/game/World/World.cpp“ wird kompiliert)
  
I:\TrinityCore\_integration-all-systems\src\server\game\World\World.cpp(2033,1): error C2059: Syntaxfehler: "==" [I:\TrinityCore\_integration-all-systems\build\src\server\game\game.vcxproj]
  (Quelldatei „../../../../src/server/game/World/World.cpp“ wird kompiliert)
  
I:\TrinityCore\_integration-all-systems\src\server\game\World\World.cpp(2036,5): error C2143: Syntaxfehler: Es fehlt ";" vor "{" [I:\TrinityCore\_integration-all-systems\build\src\server\game\game.vcxproj]
  (Quelldatei „../../../../src/server/game/World/World.cpp“ wird kompiliert)
  
  gsoap.vcxproj -> I:\TrinityCore\_integration-all-systems\build\dep\gsoap\RelWithDebInfo\gsoap.lib
  scripts.vcxproj -> I:\TrinityCore\_integration-all-systems\build\src\server\scripts\RelWithDebInfo\scripts.lib
