MSBuild-Version 17.14.23+b0019275e für .NET Framework

  Detour.vcxproj -> I:\TrinityCore\_integration-all-systems\build\dep\recastnavigation\Detour\RelWithDebInfo\Detour.lib
  Recast.vcxproj -> I:\TrinityCore\_integration-all-systems\build\dep\recastnavigation\Recast\RelWithDebInfo\Recast.lib
  argon2.vcxproj -> I:\TrinityCore\_integration-all-systems\build\dep\argon2\RelWithDebInfo\argon2.lib
  fmt.vcxproj -> I:\TrinityCore\_integration-all-systems\build\dep\fmt\RelWithDebInfo\fmt.lib
  zlib.vcxproj -> I:\TrinityCore\_integration-all-systems\build\dep\zlib\RelWithDebInfo\zlib.lib
  g3dlib.vcxproj -> I:\TrinityCore\_integration-all-systems\build\dep\g3dlite\RelWithDebInfo\g3dlib.lib
  openssl_ed25519.vcxproj -> I:\TrinityCore\_integration-all-systems\build\bin\RelWithDebInfo\openssl_ed25519.dll
  sfmt.vcxproj -> I:\TrinityCore\_integration-all-systems\build\dep\SFMT\RelWithDebInfo\sfmt.lib
  GitRevision.cpp
  common.vcxproj -> I:\TrinityCore\_integration-all-systems\build\src\common\RelWithDebInfo\common.lib
  database.vcxproj -> I:\TrinityCore\_integration-all-systems\build\src\server\database\RelWithDebInfo\database.lib
  mmaps_common.vcxproj -> I:\TrinityCore\_integration-all-systems\build\src\common\mmaps_common\RelWithDebInfo\mmaps_common.lib
  network.vcxproj -> I:\TrinityCore\_integration-all-systems\build\src\common\network\RelWithDebInfo\trinity_network.lib
  protobuf.vcxproj -> I:\TrinityCore\_integration-all-systems\build\dep\protobuf\RelWithDebInfo\protobuf.lib
  proto.vcxproj -> I:\TrinityCore\_integration-all-systems\build\src\server\proto\RelWithDebInfo\proto.lib
  shared.vcxproj -> I:\TrinityCore\_integration-all-systems\build\src\server\shared\RelWithDebInfo\shared.lib
  Player.cpp
  Garrison.cpp
  GarrisonAutoCombat.cpp
  GarrisonMgr.cpp
  GarrisonHandler.cpp
  SpellEffects.cpp
  World.cpp
I:\TrinityCore\_integration-all-systems\src\server\game\Garrison\Garrison.cpp(3780,51): error C2665: "DatabaseWorkerPool<CharacterDatabaseConnection>::Query": Keine überladene Funktion konnte alle Argumenttypen konvertieren [I:\TrinityCore\_integration-all-systems\build\src\server\game\game.vcxproj]
  (Quelldatei „../../../../src/server/game/Garrison/Garrison.cpp“ wird kompiliert)
      I:\TrinityCore\_integration-all-systems\src\server\database\Database\DatabaseWorkerPool.h(142,29):
      kann "PreparedQueryResult DatabaseWorkerPool<CharacterDatabaseConnection>::Query(PreparedStatement<CharacterDatabaseConnection> *)" sein
          I:\TrinityCore\_integration-all-systems\src\server\game\Garrison\Garrison.cpp(3780,51):
          "PreparedQueryResult DatabaseWorkerPool<CharacterDatabaseConnection>::Query(PreparedStatement<CharacterDatabaseConnection> *)" : Konvertierung von Argument 1 von "std::string" in "PreparedStatement<CharacterDatabaseConnection> *" nicht möglich
              I:\TrinityCore\_integration-all-systems\src\server\game\Garrison\Garrison.cpp(3780,78):
              Kein benutzerdefinierter Konvertierungsoperator verfügbar, der diese Konvertierung durchführen kann, oder der Operator kann nicht aufgerufen werden
      I:\TrinityCore\_integration-all-systems\src\server\database\Database\DatabaseWorkerPool.h(115,21):
      oder "QueryResult DatabaseWorkerPool<CharacterDatabaseConnection>::Query(const char *,T *)"
          with
          [
              T=CharacterDatabaseConnection
          ]
          I:\TrinityCore\_integration-all-systems\src\server\game\Garrison\Garrison.cpp(3780,51):
          "QueryResult DatabaseWorkerPool<CharacterDatabaseConnection>::Query(const char *,T *)" : Konvertierung von Argument 1 von "std::string" in "const char *" nicht möglich
          with
          [
              T=CharacterDatabaseConnection
          ]
              I:\TrinityCore\_integration-all-systems\src\server\game\Garrison\Garrison.cpp(3780,78):
              Kein benutzerdefinierter Konvertierungsoperator verfügbar, der diese Konvertierung durchführen kann, oder der Operator kann nicht aufgerufen werden
      I:\TrinityCore\_integration-all-systems\src\server\game\Garrison\Garrison.cpp(3780,51):
      bei Anpassung der Argumentliste "(std::string)"
  
I:\TrinityCore\_integration-all-systems\src\server\game\Garrison\Garrison.cpp(3869,31): error C2665: "DatabaseWorkerPool<CharacterDatabaseConnection>::Execute": Keine überladene Funktion konnte alle Argumenttypen konvertieren [I:\TrinityCore\_integration-all-systems\build\src\server\game\game.vcxproj]
  (Quelldatei „../../../../src/server/game/Garrison/Garrison.cpp“ wird kompiliert)
      I:\TrinityCore\_integration-all-systems\src\server\database\Database\DatabaseWorkerPool.h(84,14):
      kann "void DatabaseWorkerPool<CharacterDatabaseConnection>::Execute(PreparedStatement<CharacterDatabaseConnection> *)" sein
          I:\TrinityCore\_integration-all-systems\src\server\game\Garrison\Garrison.cpp(3869,31):
          "void DatabaseWorkerPool<CharacterDatabaseConnection>::Execute(PreparedStatement<CharacterDatabaseConnection> *)" : Konvertierung von Argument 1 von "std::string" in "PreparedStatement<CharacterDatabaseConnection> *" nicht möglich
              I:\TrinityCore\_integration-all-systems\src\server\game\Garrison\Garrison.cpp(3869,60):
              Kein benutzerdefinierter Konvertierungsoperator verfügbar, der diese Konvertierung durchführen kann, oder der Operator kann nicht aufgerufen werden
      I:\TrinityCore\_integration-all-systems\src\server\database\Database\DatabaseWorkerPool.h(69,14):
      oder "void DatabaseWorkerPool<CharacterDatabaseConnection>::Execute(const char *)"
          I:\TrinityCore\_integration-all-systems\src\server\game\Garrison\Garrison.cpp(3869,31):
          "void DatabaseWorkerPool<CharacterDatabaseConnection>::Execute(const char *)" : Konvertierung von Argument 1 von "std::string" in "const char *" nicht möglich
              I:\TrinityCore\_integration-all-systems\src\server\game\Garrison\Garrison.cpp(3869,60):
              Kein benutzerdefinierter Konvertierungsoperator verfügbar, der diese Konvertierung durchführen kann, oder der Operator kann nicht aufgerufen werden
      I:\TrinityCore\_integration-all-systems\src\server\game\Garrison\Garrison.cpp(3869,31):
      bei Anpassung der Argumentliste "(std::string)"
  
  gsoap.vcxproj -> I:\TrinityCore\_integration-all-systems\build\dep\gsoap\RelWithDebInfo\gsoap.lib
  npc_garrison_bodyguard.cpp
  scripts.vcxproj -> I:\TrinityCore\_integration-all-systems\build\src\server\scripts\RelWithDebInfo\scripts.lib
