MSBuild-Version 17.14.23+b0019275e für .NET Framework

  Detour.vcxproj -> I:\TrinityCore\_integration-all-systems\build\dep\recastnavigation\Detour\Release\Detour.lib
  Recast.vcxproj -> I:\TrinityCore\_integration-all-systems\build\dep\recastnavigation\Recast\Release\Recast.lib
  argon2.vcxproj -> I:\TrinityCore\_integration-all-systems\build\dep\argon2\Release\argon2.lib
  fmt.vcxproj -> I:\TrinityCore\_integration-all-systems\build\dep\fmt\Release\fmt.lib
  zlib.vcxproj -> I:\TrinityCore\_integration-all-systems\build\dep\zlib\Release\zlib.lib
  g3dlib.vcxproj -> I:\TrinityCore\_integration-all-systems\build\dep\g3dlite\Release\g3dlib.lib
  openssl_ed25519.vcxproj -> I:\TrinityCore\_integration-all-systems\build\bin\Release\openssl_ed25519.dll
  sfmt.vcxproj -> I:\TrinityCore\_integration-all-systems\build\dep\SFMT\Release\sfmt.lib
  common.vcxproj -> I:\TrinityCore\_integration-all-systems\build\src\common\Release\common.lib
  database.vcxproj -> I:\TrinityCore\_integration-all-systems\build\src\server\database\Release\database.lib
  mmaps_common.vcxproj -> I:\TrinityCore\_integration-all-systems\build\src\common\mmaps_common\Release\mmaps_common.lib
  network.vcxproj -> I:\TrinityCore\_integration-all-systems\build\src\common\network\Release\trinity_network.lib
  protobuf.vcxproj -> I:\TrinityCore\_integration-all-systems\build\dep\protobuf\Release\protobuf.lib
  proto.vcxproj -> I:\TrinityCore\_integration-all-systems\build\src\server\proto\Release\proto.lib
  shared.vcxproj -> I:\TrinityCore\_integration-all-systems\build\src\server\shared\Release\shared.lib
  BattlePayMgr.cpp
  CalendarMgr.cpp
  MythicPlusData.cpp
  Channel.cpp
  ChannelMgr.cpp
  ConditionMgr.cpp
  DisableMgr.cpp
  ContributionMgr.cpp
  ManagedWorldStateMgr.cpp
  CraftingOrderMgr.cpp
  DB2HotfixGenerator.cpp
  DB2Stores.cpp
  GameTables.cpp
  M2Stores.cpp
  DelveInstance.cpp
  DelvesCompanion.cpp
  DelvesRewards.cpp
  DelvesSeason.cpp
  LFG.cpp
  LFGGroupData.cpp
  LFGMgr.cpp
  LFGPlayerData.cpp
  LFGScripts.cpp
  Account.cpp
  AreaTrigger.cpp
  AreaTriggerTemplate.cpp
  Conversation.cpp
  Creature.cpp
  CreatureGroups.cpp
  GossipDef.cpp
  TemporarySummon.cpp
  Trainer.cpp
  enuminfo_CreatureData.cpp
  DynamicObject.cpp
  GameObject.cpp
  HousingDecorEntity.cpp
  HousingMirrorEntity.cpp
  Item.cpp
  ItemBonusMgr.cpp
  ItemTemplate.cpp
  enuminfo_ItemDefines.cpp
  AzeriteEmpoweredItem.cpp
  AzeriteItem.cpp
  Bag.cpp
  MeshObject.cpp
  BaseEntity.cpp
  ObjectGuid.cpp
  ObjectGuidSequenceGenerator.cpp
  ObjectPosSelector.cpp
  SmoothPhasing.cpp
  UpdateData.cpp
  UpdateFields.cpp
  WowCSEntityDefinitions.cpp
  Pet.cpp
  CinematicMgr.cpp
  CollectionMgr.cpp
  KillRewarder.cpp
  Player.cpp
  RecentAlliesMgr.cpp
  RestMgr.cpp
  SceneMgr.cpp
  SocialMgr.cpp
  TradeData.cpp
  SceneObject.cpp
  TaxiPathGraph.cpp
  Totem.cpp
  Transport.cpp
  CharmInfo.cpp
  Vignette.cpp
  enuminfo_UnitDefines.cpp
  Vehicle.cpp
  GameEventMgr.cpp
  GameEventSender.cpp
  Garrison.cpp
  GarrisonAutoCombat.cpp
  GarrisonMgr.cpp
  AreaTriggerDataStore.cpp
  CharacterTemplateDataStore.cpp
  ConversationDataStore.cpp
  ObjectAccessor.cpp
  ObjectMgr.cpp
  GridStates.cpp
  NGrid.cpp
  ObjectGridLoader.cpp
  GridNotifiers.cpp
  Group.cpp
  GroupInstanceReference.cpp
  GroupMgr.cpp
  Guild.cpp
  AccountStoreHandler.cpp
  AdventureJournalHandler.cpp
  AdventureMapHandler.cpp
  ArtifactHandler.cpp
  AuctionHouseHandler.cpp
  AzeriteHandler.cpp
  BankHandler.cpp
  BattlePayHandler.cpp
  BattlePetHandler.cpp
  BattlenetHandler.cpp
  BlackMarketHandler.cpp
  CalendarHandler.cpp
  ChannelHandler.cpp
  CharacterHandler.cpp
  CombatHandler.cpp
  ContributionHandler.cpp
  CovenantHandler.cpp
  CraftingOrderHandler.cpp
  GroupHandler.cpp
  GuildHandler.cpp
  HotfixHandler.cpp
  InspectHandler.cpp
  ItemHandler.cpp
  LFGListHandler.cpp
  LootHandler.cpp
  MailHandler.cpp
  MiscHandler.cpp
  MovementHandler.cpp
  NPCHandler.cpp
  NeighborhoodHandler.cpp
  PerksProgramHandler.cpp
  PetHandler.cpp
  PetitionsHandler.cpp
  QueryHandler.cpp
  QuestHandler.cpp
  RecentAllyHandler.cpp
  ReferAFriendHandler.cpp
  ScenarioHandler.cpp
  SceneHandler.cpp
  SocialHandler.cpp
  SpellHandler.cpp
  TaxiHandler.cpp
  TicketHandler.cpp
  TokenHandler.cpp
  ToyHandler.cpp
  TradeHandler.cpp
  TraitHandler.cpp
  TransmogrificationHandler.cpp
  VehicleHandler.cpp
  HouseInteriorMap.cpp
  Housing.cpp
  HousingMap.cpp
  HousingMgr.cpp
  InitiativeManager.cpp
  NeighborhoodCharter.cpp
  NeighborhoodMgr.cpp
  InstanceScript.cpp
  InstanceScriptData.cpp
  enuminfo_InstanceScript.cpp
  Loot.cpp
  LootItemStorage.cpp
  LootMgr.cpp
  Mail.cpp
  AreaBoundary.cpp
  DynamicMMapTileBuilder.cpp
  GridMap.cpp
  Map.cpp
  MapManager.cpp
  MapReference.cpp
  MapScripts.cpp
  TerrainMgr.cpp
  TransportMgr.cpp
  ZoneScript.cpp
  CommonHelpers.cpp
  CommonPredicates.cpp
  PerksProgramActivityMgr.cpp
  enuminfo_RaceMask.cpp
  enuminfo_SharedDefines.cpp
  MotionMaster.cpp
  MovementDefines.cpp
  MovementGenerator.cpp
  PathGenerator.cpp
  ChaseMovementGenerator.cpp
  FleeingMovementGenerator.cpp
  FlightPathMovementGenerator.cpp
  FollowMovementGenerator.cpp
  FormationMovementGenerator.cpp
  HomeMovementGenerator.cpp
  PointMovementGenerator.cpp
  RandomMovementGenerator.cpp
  SplineChainMovementGenerator.cpp
  MoveSpline.cpp
  MoveSplineInit.cpp
  MovementUtil.cpp
  Spline.cpp
  WaypointManager.cpp
  OutdoorPvP.cpp
  OutdoorPvPMgr.cpp
  PetitionMgr.cpp
  PersonalPhaseTracker.cpp
  PhaseShift.cpp
  PoolMgr.cpp
  AreaPoiMgr.cpp
  QuestDef.cpp
  QuestMgr.cpp
  QuestObjectiveCriteriaMgr.cpp
  WorldQuestMgr.cpp
  enuminfo_QuestDef.cpp
  ReputationMgr.cpp
  InstanceScenario.cpp
  ScenarioMgr.cpp
  ScriptMgr.cpp
  Packet.cpp
  WorldSocket.cpp
  WorldSocketMgr.cpp
  AccountStorePackets.cpp
  AchievementPackets.cpp
  AdventureJournalPackets.cpp
  AuctionHousePackets.cpp
  AuthenticationPackets.cpp
  BankPackets.cpp
  BattlePayPackets.cpp
  ChallengeModePackets.cpp
  ChannelPackets.cpp
  CharacterPackets.cpp
  ChatPackets.cpp
  ClientConfigPackets.cpp
  ClubFinderPackets.cpp
  CollectionPackets.cpp
  CombatLogPackets.cpp
  CombatLogPacketsCommon.cpp
  CombatPackets.cpp
  CommentatorPackets.cpp
  ContributionPackets.cpp
  CovenantPackets.cpp
  CraftingOrderPackets.cpp
  CraftingPacketsCommon.cpp
  DelvesPackets.cpp
  GameObjectPackets.cpp
  GuildPackets.cpp
  HotfixPackets.cpp
  InspectPackets.cpp
  InstancePackets.cpp
  ItemPacketsCommon.cpp
  LFGListPackets.cpp
  LFGPackets.cpp
  LootPackets.cpp
  MailPackets.cpp
  MiscPackets.cpp
  MovementPackets.cpp
  MythicPlusPacketsCommon.cpp
  NPCPackets.cpp
  PerksProgramPackets.cpp
  PetPackets.cpp
  PetitionPackets.cpp
  ReputationPackets.cpp
  ScenePackets.cpp
  SocialPackets.cpp
  SpellPackets.cpp
  TalentPackets.cpp
  TokenPackets.cpp
  ToyPackets.cpp
  TradePackets.cpp
  TraitPackets.cpp
  TransmogrificationPackets.cpp
  VignettePackets.cpp
  WeeklyRewardsPackets.cpp
  WhoPackets.cpp
  Opcodes.cpp
  WorldserverGameUtilitiesService.cpp
  WorldserverServiceDispatcher.cpp
  SkillDiscovery.cpp
  SkillExtraItems.cpp
  SpellEffects.cpp
  SpellInfo.cpp
  SpellMgr.cpp
  SpellScript.cpp
  SpellAuras.cpp
  WhoListStorage.cpp
  ChatTextBuilder.cpp
  CreatureTextMgr.cpp
  GameTime.cpp
  WowTime.cpp
  CharacterDatabaseCleaner.cpp
  TransmogMgr.cpp
  World.cpp
  game.vcxproj -> I:\TrinityCore\_integration-all-systems\build\src\server\game\Release\game.lib
  gsoap.vcxproj -> I:\TrinityCore\_integration-all-systems\build\dep\gsoap\Release\gsoap.lib
  scripts.vcxproj -> I:\TrinityCore\_integration-all-systems\build\src\server\scripts\Release\scripts.lib
     Bibliothek "I:/TrinityCore/_integration-all-systems/build/src/server/worldserver/Release/worldserver.lib" und Objekt "I:/TrinityCore/_integration-all-systems/build/src/server/worldserver/Release/worldserver.exp" werden erstellt.
  worldserver.vcxproj -> I:\TrinityCore\_integration-all-systems\build\bin\Release\worldserver.exe
  Der Befehl "pwsh.exe" ist entweder falsch geschrieben oder
  konnte nicht gefunden werden.
