MSBuild-Version 17.14.23+b0019275e für .NET Framework

  Detour.vcxproj -> I:\TrinityCore\_integration-all-systems\build\dep\recastnavigation\Detour\Release\Detour.lib
  argon2.vcxproj -> I:\TrinityCore\_integration-all-systems\build\dep\argon2\Release\argon2.lib
  Recast.vcxproj -> I:\TrinityCore\_integration-all-systems\build\dep\recastnavigation\Recast\Release\Recast.lib
  fmt.vcxproj -> I:\TrinityCore\_integration-all-systems\build\dep\fmt\Release\fmt.lib
  zlib.vcxproj -> I:\TrinityCore\_integration-all-systems\build\dep\zlib\Release\zlib.lib
  openssl_ed25519.vcxproj -> I:\TrinityCore\_integration-all-systems\build\bin\Release\openssl_ed25519.dll
  g3dlib.vcxproj -> I:\TrinityCore\_integration-all-systems\build\dep\g3dlite\Release\g3dlib.lib
  sfmt.vcxproj -> I:\TrinityCore\_integration-all-systems\build\dep\SFMT\Release\sfmt.lib
  gsoap.vcxproj -> I:\TrinityCore\_integration-all-systems\build\dep\gsoap\Release\gsoap.lib
  protobuf.vcxproj -> I:\TrinityCore\_integration-all-systems\build\dep\protobuf\Release\protobuf.lib
  common.vcxproj -> I:\TrinityCore\_integration-all-systems\build\src\common\Release\common.lib
  database.vcxproj -> I:\TrinityCore\_integration-all-systems\build\src\server\database\Release\database.lib
  network.vcxproj -> I:\TrinityCore\_integration-all-systems\build\src\common\network\Release\trinity_network.lib
  proto.vcxproj -> I:\TrinityCore\_integration-all-systems\build\src\server\proto\Release\proto.lib
  mmaps_common.vcxproj -> I:\TrinityCore\_integration-all-systems\build\src\common\mmaps_common\Release\mmaps_common.lib
  shared.vcxproj -> I:\TrinityCore\_integration-all-systems\build\src\server\shared\Release\shared.lib
  Player.cpp
  scripts.vcxproj -> I:\TrinityCore\_integration-all-systems\build\src\server\scripts\Release\scripts.lib
I:\TrinityCore\_integration-all-systems\src\server\game\Entities\Player\Player.cpp(14575,53): error C2838: "GarrisonMissionReward": Unzulässiger qualifizierter Name in der Memberdeklaration. [I:\TrinityCore\_integration-all-systems\build\src\server\game\game.vcxproj]
  (Quelldatei „../../../../src/server/game/Entities/Player/Player.cpp“ wird kompiliert)
  
I:\TrinityCore\_integration-all-systems\src\server\game\Entities\Player\Player.cpp(14575,53): error C2065: "GarrisonMissionReward": nichtdeklarierter Bezeichner [I:\TrinityCore\_integration-all-systems\build\src\server\game\game.vcxproj]
  (Quelldatei „../../../../src/server/game/Entities/Player/Player.cpp“ wird kompiliert)
  
MSBuild-Version 17.14.23+b0019275e für .NET Framework

  Detour.vcxproj -> I:\TrinityCore\_integration-all-systems\build\dep\recastnavigation\Detour\Release\Detour.lib
  Recast.vcxproj -> I:\TrinityCore\_integration-all-systems\build\dep\recastnavigation\Recast\Release\Recast.lib
  argon2.vcxproj -> I:\TrinityCore\_integration-all-systems\build\dep\argon2\Release\argon2.lib
  fmt.vcxproj -> I:\TrinityCore\_integration-all-systems\build\dep\fmt\Release\fmt.lib
  zlib.vcxproj -> I:\TrinityCore\_integration-all-systems\build\dep\zlib\Release\zlib.lib
  g3dlib.vcxproj -> I:\TrinityCore\_integration-all-systems\build\dep\g3dlite\Release\g3dlib.lib
  openssl_ed25519.vcxproj -> I:\TrinityCore\_integration-all-systems\build\bin\Release\openssl_ed25519.dll
  sfmt.vcxproj -> I:\TrinityCore\_integration-all-systems\build\dep\SFMT\Release\sfmt.lib
  common.vcxproj -> I:\TrinityCore\_integration-all-systems\build\src\common\Release\common.lib
  database.vcxproj -> I:\TrinityCore\_integration-all-systems\build\src\server\database\Release\database.lib
  mmaps_common.vcxproj -> I:\TrinityCore\_integration-all-systems\build\src\common\mmaps_common\Release\mmaps_common.lib
  network.vcxproj -> I:\TrinityCore\_integration-all-systems\build\src\common\network\Release\trinity_network.lib
  protobuf.vcxproj -> I:\TrinityCore\_integration-all-systems\build\dep\protobuf\Release\protobuf.lib
  proto.vcxproj -> I:\TrinityCore\_integration-all-systems\build\src\server\proto\Release\proto.lib
  shared.vcxproj -> I:\TrinityCore\_integration-all-systems\build\src\server\shared\Release\shared.lib
  Player.cpp
I:\TrinityCore\_integration-all-systems\src\server\game\Entities\Player\Player.cpp(14575,53): error C2838: "GarrisonMissionReward": Unzulässiger qualifizierter Name in der Memberdeklaration. [I:\TrinityCore\_integration-all-systems\build\src\server\game\game.vcxproj]
  (Quelldatei „../../../../src/server/game/Entities/Player/Player.cpp“ wird kompiliert)
  
I:\TrinityCore\_integration-all-systems\src\server\game\Entities\Player\Player.cpp(14575,53): error C2065: "GarrisonMissionReward": nichtdeklarierter Bezeichner [I:\TrinityCore\_integration-all-systems\build\src\server\game\game.vcxproj]
  (Quelldatei „../../../../src/server/game/Entities/Player/Player.cpp“ wird kompiliert)
  
  gsoap.vcxproj -> I:\TrinityCore\_integration-all-systems\build\dep\gsoap\Release\gsoap.lib
  scripts.vcxproj -> I:\TrinityCore\_integration-all-systems\build\src\server\scripts\Release\scripts.lib
