MSBuild-Version 17.14.23+b0019275e für .NET Framework

  1>Checking Build System
  Building Custom Rule I:/tc_allsys/dep/recastnavigation/Detour/CMakeLists.txt
  DetourAlloc.cpp
  DetourAssert.cpp
  DetourCommon.cpp
  DetourNavMesh.cpp
  DetourNavMeshBuilder.cpp
  DetourNavMeshQuery.cpp
  DetourNode.cpp
  Building Custom Rule I:/tc_allsys/dep/fmt/CMakeLists.txt
  Building Custom Rule I:/tc_allsys/dep/argon2/CMakeLists.txt
  Building Custom Rule I:/tc_allsys/dep/recastnavigation/Recast/CMakeLists.txt
  format.cc
  os.cc
  Building Custom Rule I:/tc_allsys/dep/zlib/CMakeLists.txt
  argon2.c
  core.c
  encoding.c
  thread.c
  Recast.cpp
  RecastAlloc.cpp
  blake2b.c
  RecastAssert.cpp
  RecastArea.cpp
  opt.c
  RecastContour.cpp
  RecastFilter.cpp
  RecastLayers.cpp
  RecastMesh.cpp
  RecastMeshDetail.cpp
  RecastRasterization.cpp
  RecastRegion.cpp
  adler32.c
  compress.c
  crc32.c
  deflate.c
  infback.c
  inffast.c
  inflate.c
  inftrees.c
  trees.c
  uncompr.c
  zutil.c
  Detour.vcxproj -> I:\tc_allsys\build\dep\recastnavigation\Detour\Release\Detour.lib
  Building Custom Rule I:/tc_allsys/dep/openssl_ed25519/CMakeLists.txt
  argon2.vcxproj -> I:\tc_allsys\build\dep\argon2\Release\argon2.lib
  Building Custom Rule I:/tc_allsys/src/genrev/CMakeLists.txt
  zlib.vcxproj -> I:\tc_allsys\build\dep\zlib\Release\zlib.lib
  curve25519.c
  Building Custom Rule I:/tc_allsys/dep/SFMT/CMakeLists.txt
  Building Custom Rule I:/tc_allsys/dep/gsoap/CMakeLists.txt
  SFMT.c
  Recast.vcxproj -> I:\tc_allsys\build\dep\recastnavigation\Recast\Release\Recast.lib
  soapC.cpp
  soapServer.cpp
  stdsoap2.cpp
  sfmt.vcxproj -> I:\tc_allsys\build\dep\SFMT\Release\sfmt.lib
  Building Custom Rule I:/tc_allsys/dep/protobuf/CMakeLists.txt
  Building Custom Rule I:/tc_allsys/dep/g3dlite/CMakeLists.txt
     Bibliothek "I:/tc_allsys/build/dep/openssl_ed25519/Release/openssl_ed25519.lib" und Objekt "I:/tc_allsys/build/dep/openssl_ed25519/Release/openssl_ed25519.exp" werden erstellt.
  cmake_pch.cxx
  openssl_ed25519.vcxproj -> I:\tc_allsys\build\bin\Release\openssl_ed25519.dll
  cmake_pch.cxx
  Der Befehl "pwsh.exe" ist entweder falsch geschrieben oder
  konnte nicht gefunden werden.
  fmt.vcxproj -> I:\tc_allsys\build\dep\fmt\Release\fmt.lib
  importer.cc
  parser.cc
  descriptor.cc
  descriptor.pb.cc
  descriptor_database.cc
  dynamic_message.cc
  extension_set.cc
  extension_set_heavy.cc
  generated_message_reflection.cc
  generated_message_util.cc
  coded_stream.cc
  gzip_stream.cc
  printer.cc
  strtod.cc
  tokenizer.cc
  zero_copy_stream.cc
  zero_copy_stream_impl.cc
  zero_copy_stream_impl_lite.cc
  message.cc
  message_lite.cc
  reflection_ops.cc
  repeated_field.cc
  service.cc
  atomicops_internals_x86_gcc.cc
  atomicops_internals_x86_msvc.cc
  common.cc
  once.cc
  stringprintf.cc
  structurally_valid.cc
  strutil.cc
  substitute.cc
  text_format.cc
  unknown_field_set.cc
  wire_format.cc
  wire_format_lite.cc
  AABox.cpp
  Any.cpp
  AnyTableReader.cpp
  BinaryFormat.cpp
  BinaryInput.cpp
  BinaryOutput.cpp
  Box.cpp
  Capsule.cpp
  CollisionDetection.cpp
  CoordinateFrame.cpp
  Crypto.cpp
  Cylinder.cpp
  debugAssert.cpp
  FileSystem.cpp
  fileutils.cpp
  format.cpp
  g3dfnmatch.cpp
  g3dmath.cpp
  GThread.cpp
  Line.cpp
  LineSegment.cpp
  Log.cpp
  Matrix3.cpp
  Matrix4.cpp
  MemoryManager.cpp
  PhysicsFrame.cpp
  Plane.cpp
  prompt.cpp
  Quat.cpp
  Random.cpp
  Ray.cpp
  RegistryUtil.cpp
  Sphere.cpp
  stringutils.cpp
  System.cpp
  TextInput.cpp
  TextOutput.cpp
  Triangle.cpp
  uint128.cpp
  UprightFrame.cpp
  Vector2.cpp
  gsoap.vcxproj -> I:\tc_allsys\build\dep\gsoap\Release\gsoap.lib
  Vector3.cpp
  Vector4.cpp
  g3dlib.vcxproj -> I:\tc_allsys\build\dep\g3dlite\Release\g3dlib.lib
  Building Custom Rule I:/tc_allsys/src/common/CMakeLists.txt
  cmake_pch.cxx
  protobuf.vcxproj -> I:\tc_allsys\build\dep\protobuf\Release\protobuf.lib
  Banner.cpp
  Common.cpp
  GitRevision.cpp
  BoundingIntervalHierarchy.cpp
  DynamicTree.cpp
  VMapFactory.cpp
  VMapManager.cpp
  MapDefines.cpp
  MapTree.cpp
  GameObjectModel.cpp
  ModelInstance.cpp
  WorldModel.cpp
  BuiltInConfig.cpp
  Config.cpp
  AES.cpp
  ARC4.cpp
  Argon2Hash.cpp
  BigNumber.cpp
  CryptoRandom.cpp
  Ed25519.cpp
  OpenSSLCrypto.cpp
  RSA.cpp
  TOTP.cpp
  SRP6.cpp
  WorldPacketCrypt.cpp
  DB2FileLoader.cpp
  DB2FileSystemSource.cpp
  DB2Meta.cpp
  Errors.cpp
  Base32.cpp
  Base64.cpp
  Appender.cpp
  AppenderConsole.cpp
  AppenderFile.cpp
  Log.cpp
  LogMessage.cpp
  LogOperation.cpp
  Logger.cpp
  enuminfo_AppenderConsole.cpp
  enuminfo_LogCommon.cpp
  Metric.cpp
  ProcessPriority.cpp
  Timezone.cpp
  EventMap.cpp
  EventProcessor.cpp
  Locales.cpp
  Random.cpp
  SFMTRand.cpp
  StartProcess.cpp
  StringFormat.cpp
  TaskScheduler.cpp
  Util.cpp
  WheatyExceptionReport.cpp
  ServiceWin32.cpp
  common.vcxproj -> I:\tc_allsys\build\src\common\Release\common.lib
  Building Custom Rule I:/tc_allsys/src/server/database/CMakeLists.txt
  Building Custom Rule I:/tc_allsys/src/server/proto/CMakeLists.txt
  Building Custom Rule I:/tc_allsys/src/common/network/CMakeLists.txt
  Building Custom Rule I:/tc_allsys/src/common/mmaps_common/CMakeLists.txt
  cmake_pch.cxx
  cmake_pch.cxx
  cmake_pch.cxx
  IntermediateValues.cpp
  TerrainBuilder.cpp
  TileBuilder.cpp
  MMapManager.cpp
  ServiceBase.cpp
  challenge_service.pb.cc
  connection_service.pb.cc
  content_handle_types.pb.cc
  entity_types.pb.cc
  ets_types.pb.cc
  game_utilities_types.pb.cc
  profanity_filter_config.pb.cc
  resource_service.pb.cc
  role_types.pb.cc
  rpc_config.pb.cc
  rpc_types.pb.cc
  semantic_version.pb.cc
  block_list_listener.pb.cc
  block_list_service.pb.cc
  block_list_types.pb.cc
  channel_id.pb.cc
  channel_types.pb.cc
  club_ban.pb.cc
  club_invitation.pb.cc
  club_listener.pb.cc
  club_member.pb.cc
  club_membership_listener.pb.cc
  club_membership_service.pb.cc
  club_membership_types.pb.cc
  club_name_generator.pb.cc
  club_notification.pb.cc
  club_range_set.pb.cc
  club_request.pb.cc
  club_role.pb.cc
  club_service.pb.cc
  club_stream.pb.cc
  club_types.pb.cc
  authentication_listener.pb.cc
  authentication_types.pb.cc
  friends_listener.pb.cc
  notification_listener.pb.cc
  whisper_listener.pb.cc
  whisper_service.pb.cc
  club_member_id.pb.cc
  club_tag.pb.cc
  club_type.pb.cc
  account_identity.pb.cc
  game_account_handle.pb.cc
  whisper_types.pb.cc
  field_options.pb.cc
  file_options.pb.cc
  message_options.pb.cc
  method_options.pb.cc
  range.pb.cc
  register_method_types.pb.cc
  routing.pb.cc
  service_options.pb.cc
  Login.pb.cc
  RealmList.pb.cc
  mmaps_common.vcxproj -> I:\tc_allsys\build\src\common\mmaps_common\Release\mmaps_common.lib
  AdhocStatement.cpp
  DatabaseEnv.cpp
  DatabaseLoader.cpp
  DatabaseWorkerPool.cpp
  Field.cpp
  FieldValueConverter.cpp
  MySQLConnection.cpp
  MySQLPreparedStatement.cpp
  MySQLThreading.cpp
  PreparedStatement.cpp
  QueryCallback.cpp
  QueryHolder.cpp
  QueryResult.cpp
  Transaction.cpp
  CharacterDatabase.cpp
  HotfixDatabase.cpp
  LoginDatabase.cpp
  WorldDatabase.cpp
  AppenderDB.cpp
  DBUpdater.cpp
  UpdateFetcher.cpp
  account_service.pb.cc
  account_types.pb.cc
  attribute_types.pb.cc
  authentication_service.pb.cc
  embed_types.pb.cc
  event_view_types.pb.cc
  friends_service.pb.cc
  friends_types.pb.cc
  game_utilities_service.pb.cc
  IpAddress.cpp
  IpNetwork.cpp
  Resolver.cpp
  SslStream.cpp
  BaseHttpSocket.cpp
  HttpService.cpp
  HttpSocket.cpp
  HttpSslSocket.cpp
  invitation_types.pb.cc
  message_types.pb.cc
  notification_service.pb.cc
  notification_types.pb.cc
  presence_listener.pb.cc
  presence_service.pb.cc
  presence_types.pb.cc
  report_service.pb.cc
  report_types.pb.cc
  voice_types.pb.cc
  club_core.pb.cc
  club_enum.pb.cc
  account_service.pb.cc
  database.vcxproj -> I:\tc_allsys\build\src\server\database\Release\database.lib
  authentication_service.pb.cc
  network.vcxproj -> I:\tc_allsys\build\src\common\network\Release\trinity_network.lib
  friends_service.pb.cc
  friends_types.pb.cc
  game_utilities_service.pb.cc
  notification_service.pb.cc
  notification_types.pb.cc
  presence_listener.pb.cc
  presence_service.pb.cc
  presence_types.pb.cc
  report_service.pb.cc
  report_types.pb.cc
  report_service.pb.cc
  report_types.pb.cc
  club_core.pb.cc
  club_enum.pb.cc
  embed_types.pb.cc
  event_view_types.pb.cc
  invitation_types.pb.cc
  message_types.pb.cc
  voice_types.pb.cc
  account_types.pb.cc
  attribute_types.pb.cc
  proto.vcxproj -> I:\tc_allsys\build\src\server\proto\Release\proto.lib
  Building Custom Rule I:/tc_allsys/src/server/shared/CMakeLists.txt
  cmake_pch.cxx
  DB2DatabaseLoader.cpp
  DB2Store.cpp
  IPLocation.cpp
  ProtobufJSON.cpp
  IpBanCheckConnectionInitializer.cpp
  ByteBuffer.cpp
  ClientBuildInfo.cpp
  Realm.cpp
  RealmList.cpp
  SecretMgr.cpp
  shared.vcxproj -> I:\tc_allsys\build\src\server\shared\Release\shared.lib
  Building Custom Rule I:/tc_allsys/src/server/scripts/CMakeLists.txt
  Building Custom Rule I:/tc_allsys/src/server/game/CMakeLists.txt
  cmake_pch.cxx
  cmake_pch.cxx
  CreatureAI.cpp
  CreatureAIRegistry.cpp
  CreatureAISelector.cpp
  AreaTriggerAI.cpp
  CombatAI.cpp
  ConversationAI.cpp
  GameObjectAI.cpp
  GuardAI.cpp
  PassiveAI.cpp
  PetAI.cpp
  ReactorAI.cpp
  TotemAI.cpp
  UnitAI.cpp
  UnitAICommon.cpp
  enuminfo_UnitAICommon.cpp
  PlayerAI.cpp
  ScriptedCreature.cpp
  ScriptedEscortAI.cpp
  ScriptedFollowerAI.cpp
  ScriptedGossip.cpp
  SmartAI.cpp
  SmartScript.cpp
  SmartScriptMgr.cpp
  AccountMgr.cpp
  BattlenetAccountMgr.cpp
  RBAC.cpp
  AchievementMgr.cpp
  CriteriaHandler.cpp
  AuctionHouseMgr.cpp
  AuctionHouseBot.cpp
  AuctionHouseBotBuyer.cpp
  AuctionHouseBotSeller.cpp
  enuminfo_AuctionHouseBot.cpp
  BattlePayMgr.cpp
  BattlePetMgr.cpp
  PetBattle.cpp
  PetBattleMgr.cpp
  Battlefield.cpp
  BattlefieldMgr.cpp
  Arena.cpp
  ArenaScore.cpp
  ArenaTeam.cpp
  ArenaTeamMgr.cpp
  Battleground.cpp
  BattlegroundMgr.cpp
  BattlegroundQueue.cpp
  BattlegroundScore.cpp
  BattlegroundScript.cpp
  enuminfo_ArenaTeam.cpp
  BlackMarketMgr.cpp
  CharacterCache.cpp
  CalendarMgr.cpp
  ChallengeMode.cpp
  ChallengeModeMgr.cpp
  MythicPlusData.cpp
  Chat.cpp
  HyperlinkTags.cpp
  Hyperlinks.cpp
  LanguageMgr.cpp
  Channel.cpp
  ChannelMgr.cpp
  enuminfo_Channel.cpp
  ChatCommand.cpp
  ChatCommandArgs.cpp
  ChatCommandHelpers.cpp
  ChatCommandTags.cpp
  ClubFinderMgr.cpp
  CombatManager.cpp
  ThreatManager.cpp
  argus_script_loader.cpp
  boss_garothi_worldbreaker.cpp
  instance_antorus_the_burning_throne.cpp
  BattlefieldTB.cpp
  BattlefieldWG.cpp
  battlefield_script_loader.cpp
  ConditionMgr.cpp
  arena_scripts_generic.cpp
  DisableMgr.cpp
  ContributionMgr.cpp
  ManagedWorldStateMgr.cpp
  battlegrounds_script_loader.cpp
  CraftingOrderMgr.cpp
  alterac_valley.cpp
  battleground_alterac_valley.cpp
  boss_balinda.cpp
  DB2HotfixGenerator.cpp
  boss_drekthar.cpp
  boss_galvangar.cpp
  DB2Stores.cpp
  boss_vanndar.cpp
  arathi_basin.cpp
  battleground_arathi_basin.cpp
  arena_ashamanes_fall.cpp
  battleground_battle_for_gilneas.cpp
  arena_black_rook_hold_arena.cpp
  GameTables.cpp
  arena_blades_edge.cpp
  arena_blades_edge_legion.cpp
  arena_cage_of_carnage.cpp
  arena_dalaran_sewers.cpp
  battleground_deephaul_ravine.cpp
  arena_empyrean_domain.cpp
  arena_enigma_crucible.cpp
  battleground_eye_of_the_storm.cpp
  arena_hook_point.cpp
  battleground_isle_of_conquest.cpp
  boss_ioc_horde_alliance.cpp
  isle_of_conquest.cpp
  M2Stores.cpp
  arena_maldraxxus_coliseum.cpp
  DelveInstance.cpp
  arena_mugambala.cpp
  arena_nagrand_arena.cpp
  DelveMgr.cpp
  arena_nagrand_arena_legion.cpp
  DelvesCompanion.cpp
  arena_nokhudon_proving_grounds.cpp
  DelvesRewards.cpp
  DelvesSeason.cpp
  arena_ring_of_valor.cpp
  arena_ruins_of_lordaeron.cpp
  battleground_seething_shore.cpp
  battleground_silvershard_mines.cpp
  LFG.cpp
  battleground_strand_of_the_ancients.cpp
  strand_of_the_ancients.cpp
  battleground_temple_of_kotmogu.cpp
  LFGGroupData.cpp
  arena_the_robodrome.cpp
  arena_the_tigers_peak.cpp
  arena_tol_viron_arena.cpp
  battleground_twin_peaks.cpp
  battleground_warsong_gulch.cpp
  broken_isles_script_loader.cpp
  zone_dalaran_broken_isle.cpp
  zone_mardum.cpp
  LFGMgr.cpp
  LFGPlayerData.cpp
  LFGQueue.cpp
  LFGScripts.cpp
  Account.cpp
  AreaTrigger.cpp
  AreaTriggerTemplate.cpp
  Conversation.cpp
  zone_orderhall_warrior.cpp
  boss_amalgam_of_souls.cpp
  instance_black_rook_hold.cpp
  boss_king_deepbeard.cpp
  instance_eye_of_azshara.cpp
  boss_ymiron_the_fallen_king.cpp
  instance_maw_of_souls.cpp
  boss_rokmora.cpp
  instance_neltharions_lair.cpp
  zone_orderhall_rogue.cpp
  boss_guarm.cpp
  Corpse.cpp
  instance_trial_of_valor.cpp
  cs_account.cpp
  Creature.cpp
  CreatureGroups.cpp
  GossipDef.cpp
  TemporarySummon.cpp
  Trainer.cpp
  cs_achievement.cpp
  cs_ahbot.cpp
  cs_arena.cpp
  cs_ban.cpp
  cs_battlenet_account.cpp
  cs_bf.cpp
  cs_bg.cpp
  cs_cast.cpp
  cs_character.cpp
  cs_cheat.cpp
  enuminfo_CreatureData.cpp
  DynamicObject.cpp
  cs_clubfinder.cpp
  GameObject.cpp
  cs_conduit.cpp
  cs_debug.cpp
  cs_delve.cpp
  cs_deserter.cpp
  cs_disable.cpp
  HousingDecorEntity.cpp
  cs_event.cpp
  cs_gm.cpp
  cs_go.cpp
  HousingMirrorEntity.cpp
  HousingNeighborhoodMirrorEntity.cpp
  cs_gobject.cpp
  HousingPlayerHouseEntity.cpp
  cs_group.cpp
  cs_guild.cpp
  HousingRoomEntity.cpp
  Item.cpp
  cs_honor.cpp
  ItemBonusMgr.cpp
  ItemEnchantmentMgr.cpp
  ItemTemplate.cpp
  cs_instance.cpp
  cs_learn.cpp
  cs_lfg.cpp
  cs_list.cpp
  enuminfo_ItemDefines.cpp
  AzeriteEmpoweredItem.cpp
  AzeriteItem.cpp
  Bag.cpp
  MeshObject.cpp
  cs_lookup.cpp
  cs_message.cpp
  cs_misc.cpp
  cs_mmaps.cpp
  BaseEntity.cpp
  cs_modify.cpp
  cs_npc.cpp
  cs_pet.cpp
  cs_quest.cpp
  cs_rbac.cpp
  Object.cpp
  cs_reload.cpp
  ObjectGuid.cpp
  cs_reset.cpp
  ObjectGuidSequenceGenerator.cpp
  ObjectPosSelector.cpp
  Position.cpp
  cs_scene.cpp
  cs_script_loader.cpp
  cs_send.cpp
  cs_server.cpp
  SmoothPhasing.cpp
  UpdateData.cpp
  cs_tele.cpp
  UpdateFields.cpp
  WowCSEntityDefinitions.cpp
  cs_ticket.cpp
  cs_titles.cpp
  Pet.cpp
  CinematicMgr.cpp
  cs_wp.cpp
  custom_script_loader.cpp
  CollectionMgr.cpp
  KillRewarder.cpp
  draenor_script_loader.cpp
  npc_garrison_bodyguard.cpp
  zone_assault_on_the_dark_portal.cpp
  zone_draenor_shadowmoon_valley.cpp
  Player.cpp
  zone_frostfire_ridge.cpp
  PlayerTaxi.cpp
  auchindoun.cpp
  instance_auchindoun.cpp
  RecentAlliesMgr.cpp
  garrison_generic.cpp
  garrison_invasion.cpp
  RestMgr.cpp
  dragon_isles_script_loader.cpp
  zone_the_forbidden_reach.cpp
  aberrus_the_shadowed_crucible.cpp
  boss_kazzara_the_hellforged.cpp
  SceneMgr.cpp
  SocialMgr.cpp
  TradeData.cpp
  SceneObject.cpp
  instance_aberrus_the_shadowed_crucible.cpp
  boss_leymor.cpp
  TaxiPathGraph.cpp
  Totem.cpp
  boss_telash_greywing.cpp
  instance_azure_vault.cpp
  Transport.cpp
  instance_ruby_life_pools.cpp
  ruby_life_pools.cpp
  CharmInfo.cpp
  eastern_kingdoms.cpp
  eastern_kingdoms_script_loader.cpp
  StatSystem.cpp
  zone_abyssal_depths.cpp
  Unit.cpp
  zone_blasted_lands.cpp
  zone_burning_steppes.cpp
  zone_dun_morogh.cpp
  Vignette.cpp
  zone_dun_morogh_area_coldridge_valley.cpp
  enuminfo_UnitDefines.cpp
  zone_duskwood.cpp
  zone_eastern_plaguelands.cpp
  zone_elwynn_forest.cpp
  zone_eversong_woods.cpp
  Vehicle.cpp
  GameEventMgr.cpp
  GameEventSender.cpp
  Garrison.cpp
  GarrisonAutoCombat.cpp
  zone_ghostlands.cpp
  zone_hinterlands.cpp
  zone_ironforge.cpp
  zone_isle_of_queldanas.cpp
  zone_redridge_mountains.cpp
  zone_silverpine_forest.cpp
  zone_stormwind_city.cpp
  zone_tirisfal_glades.cpp
  GarrisonMap.cpp
  zone_tol_barad.cpp
  zone_undercity.cpp
  zone_westfall.cpp
  GarrisonMgr.cpp
  AreaTriggerDataStore.cpp
  boss_alizabal.cpp
  boss_argaloth.cpp
  boss_occuthar.cpp
  instance_baradin_hold.cpp
  CharacterTemplateDataStore.cpp
  instance_bastion_of_twilight.cpp
  blackrock_caverns.cpp
  ConversationDataStore.cpp
  boss_ascendant_lord_obsidius.cpp
  boss_beauty.cpp
  boss_corla.cpp
  boss_karsh_steelbender.cpp
  ObjectAccessor.cpp
  boss_romogg_bonecrusher.cpp
  instance_blackrock_caverns.cpp
  ObjectMgr.cpp
  blackrock_depths.cpp
  GridStates.cpp
  NGrid.cpp
  boss_ambassador_flamelash.cpp
  ObjectGridLoader.cpp
  boss_coren_direbrew.cpp
  boss_emperor_dagran_thaurissan.cpp
  boss_general_angerforge.cpp
  boss_high_interrogator_gerstahn.cpp
  boss_magmus.cpp
  boss_moira_bronzebeard.cpp
  boss_tomb_of_seven.cpp
  instance_blackrock_depths.cpp
  boss_drakkisath.cpp
  GridNotifiers.cpp
  boss_gizrul_the_slavener.cpp
  boss_gyth.cpp
  boss_halycon.cpp
  boss_highlord_omokk.cpp
  Group.cpp
  boss_lord_valthalak.cpp
  boss_mother_smolderweb.cpp
  GroupInstanceReference.cpp
  boss_overlord_wyrmthalak.cpp
  boss_pyroguard_emberseer.cpp
  boss_quartermaster_zigris.cpp
  boss_rend_blackhand.cpp
  GroupMgr.cpp
  boss_shadow_hunter_voshgajin.cpp
  boss_the_beast.cpp
  boss_urok_doomhowl.cpp
  boss_warmaster_voone.cpp
  instance_blackrock_spire.cpp
  instance_blackwing_descent.cpp
  boss_broodlord_lashlayer.cpp
  boss_chromaggus.cpp
  boss_ebonroc.cpp
  boss_firemaw.cpp
  boss_flamegor.cpp
  boss_nefarian.cpp
  boss_razorgore.cpp
  boss_vaelastrasz.cpp
  instance_blackwing_lair.cpp
  boss_baron_geddon.cpp
  GroupReference.cpp
  Guild.cpp
  GuildMgr.cpp
  AccountStoreHandler.cpp
  AdventureJournalHandler.cpp
  AdventureMapHandler.cpp
  boss_garr.cpp
  boss_gehennas.cpp
  boss_golemagg.cpp
  ArtifactHandler.cpp
  boss_lucifron.cpp
  boss_magmadar.cpp
  boss_majordomo_executus.cpp
  boss_ragnaros.cpp
  boss_shazzrah.cpp
  boss_sulfuron_harbinger.cpp
  instance_molten_core.cpp
  instance_deadmines.cpp
  gilneas_chapter_1.cpp
  AuctionHouseHandler.cpp
  AuthHandler.cpp
  gnomeregan.cpp
  instance_gnomeregan.cpp
  AzeriteHandler.cpp
  instance_grim_batol.cpp
  BankHandler.cpp
  boss_curator.cpp
  BattleGroundHandler.cpp
  boss_maiden_of_virtue.cpp
  boss_midnight.cpp
  boss_moroes.cpp
  boss_netherspite.cpp
  boss_nightbane.cpp
  boss_prince_malchezaar.cpp
  boss_shade_of_aran.cpp
  boss_terestian_illhoof.cpp
  bosses_opera.cpp
  instance_karazhan.cpp
  karazhan.cpp
  boss_felblood_kaelthas.cpp
  boss_priestess_delrissa.cpp
  boss_selin_fireheart.cpp
  boss_vexallus.cpp
  instance_magisters_terrace.cpp
  BattlePayHandler.cpp
  BattlePetHandler.cpp
  BattlenetHandler.cpp
  magisters_terrace.cpp
  boss_maiden_of_virtue_rtk.cpp
  boss_mana_devourer.cpp
  BlackMarketHandler.cpp
  CalendarHandler.cpp
  boss_shade_of_medivh.cpp
  boss_the_curator_rtk.cpp
  instance_return_to_karazhan.cpp
  chapter1.cpp
  chapter2.cpp
  ChallengeModeHandler.cpp
  chapter5.cpp
  zone_the_scarlet_enclave.cpp
  boss_arcanist_doan.cpp
  boss_azshir_the_sleepless.cpp
  boss_bloodmage_thalnos.cpp
  boss_headless_horseman.cpp
  boss_herod.cpp
  boss_high_inquisitor_fairbanks.cpp
  boss_houndmaster_loksey.cpp
  boss_interrogator_vishas.cpp
  boss_mograine_and_whitemane.cpp
  boss_scorn.cpp
  instance_scarlet_monastery.cpp
  boss_armsmaster_harlan.cpp
  scarlet_halls.cpp
  boss_darkmaster_gandling.cpp
  boss_death_knight_darkreaver.cpp
  boss_doctor_theolen_krastinov.cpp
  boss_illucia_barov.cpp
  boss_instructor_malicia.cpp
  boss_jandice_barov.cpp
  boss_kirtonos_the_herald.cpp
  boss_kormok.cpp
  boss_lord_alexei_barov.cpp
  boss_lorekeeper_polkelt.cpp
  boss_ras_frostwhisper.cpp
  boss_the_ravenian.cpp
  boss_vectus.cpp
  instance_scholomance.cpp
  boss_apothecary_hummel.cpp
  instance_shadowfang_keep.cpp
  shadowfang_keep.cpp
  boss_baron_rivendare.cpp
  boss_baroness_anastari.cpp
  boss_cannon_master_willey.cpp
  boss_dathrohan_balnazzar.cpp
  boss_magistrate_barthilas.cpp
  boss_maleki_the_pallid.cpp
  boss_nerubenkan.cpp
  boss_order_of_silver_hand.cpp
  boss_postmaster_malown.cpp
  boss_ramstein_the_gorger.cpp
  boss_timmy_the_cruel.cpp
  instance_stratholme.cpp
  stratholme.cpp
  ChannelHandler.cpp
  instance_sunken_temple.cpp
  sunken_temple.cpp
  boss_brutallus.cpp
  boss_eredar_twins.cpp
  boss_felmyst.cpp
  boss_kalecgos.cpp
  boss_kiljaeden.cpp
  boss_muru.cpp
  instance_sunwell_plateau.cpp
  sunwell_plateau.cpp
  boss_hogger.cpp
  boss_lord_overheat.cpp
  boss_randolph_moloch.cpp
  instance_the_stockade.cpp
  instance_throne_of_the_tides.cpp
  boss_archaedas.cpp
  CharacterHandler.cpp
  boss_ironaya.cpp
  ChatHandler.cpp
  instance_uldaman.cpp
  uldaman.cpp
  boss_akilzon.cpp
  boss_daakara.cpp
  boss_halazzi.cpp
  boss_hexlord.cpp
  boss_janalai.cpp
  boss_nalorakk.cpp
  instance_zulaman.cpp
  zulaman.cpp
  boss_grilek.cpp
  boss_hazzarah.cpp
  boss_jindo_the_godbreaker.cpp
  boss_kilnara.cpp
  boss_mandokir.cpp
  boss_renataki.cpp
  boss_venoxis.cpp
  boss_wushoolay.cpp
  boss_zanzil.cpp
  instance_zulgurub.cpp
  zulgurub.cpp
  brewfest.cpp
  childrens_week.cpp
  ClubFinderHandler.cpp
  darkmoon_faire.cpp
  events_script_loader.cpp
  fireworks_show.cpp
  hallows_end.cpp
  love_is_in_the_air.cpp
  lunar_festival.cpp
  CollectionsHandler.cpp
  CombatHandler.cpp
  midsummer.cpp
  CommentatorHandler.cpp
  ContentTrackingHandler.cpp
  ContributionHandler.cpp
  operation_gnomeregan.cpp
  pilgrims_bounty.cpp
  winter_veil.cpp
  zalazane_fall.cpp
  boss_doomwalker_anniversary.cpp
  boss_lord_kazzak_anniversary.cpp
  exiles_reach_script_loader.cpp
  zone_exiles_reach.cpp
  boss_tunk.cpp
  instance_darkmaul_citadel.cpp
  kalimdor_script_loader.cpp
  zone_ashenvale.cpp
  zone_azshara.cpp
  zone_azuremyst_isle.cpp
  zone_bloodmyst_isle.cpp
  zone_darkshore.cpp
  zone_desolace.cpp
  zone_durotar.cpp
  zone_dustwallow_marsh.cpp
  zone_felwood.cpp
  zone_feralas.cpp
  zone_moonglade.cpp
  zone_mulgore.cpp
  CovenantHandler.cpp
  zone_orgrimmar.cpp
  CraftingOrderHandler.cpp
  zone_silithus.cpp
  zone_tanaris.cpp
  zone_the_barrens.cpp
  CurrencyHandler.cpp
  DelvesHandler.cpp
  DuelHandler.cpp
  zone_thunder_bluff.cpp
  zone_winterspring.cpp
  blackfathom_deeps.cpp
  boss_aku_mai.cpp
  boss_gelihast.cpp
  GarrisonHandler.cpp
  boss_kelris.cpp
  instance_blackfathom_deeps.cpp
  boss_anetheron.cpp
  boss_archimonde.cpp
  boss_azgalor.cpp
  boss_kazrogal.cpp
  boss_rage_winterchill.cpp
  hyjal.cpp
  hyjalAI.cpp
  GroupHandler.cpp
  hyjal_trash.cpp
  instance_hyjal.cpp
  boss_chrono_lord_epoch.cpp
  boss_infinite_corruptor.cpp
  GuildHandler.cpp
  boss_mal_ganis.cpp
  boss_meathook.cpp
  HotfixHandler.cpp
  HousingHandler.cpp
  InspectHandler.cpp
  boss_salramm_the_fleshcrafter.cpp
  culling_of_stratholme.cpp
  ItemHandler.cpp
  instance_culling_of_stratholme.cpp
  npc_arthas.cpp
  instance_dragon_soul.cpp
  instance_end_time.cpp
  boss_captain_skarloc.cpp
  boss_epoch_hunter.cpp
  boss_leutenant_drake.cpp
  instance_old_hillsbrad.cpp
  old_hillsbrad.cpp
  LFGHandler.cpp
  LFGListHandler.cpp
  LootHandler.cpp
  instance_hour_of_twilight.cpp
  boss_aeonus.cpp
  boss_chrono_lord_deja.cpp
  boss_temporus.cpp
  instance_the_black_morass.cpp
  the_black_morass.cpp
  instance_well_of_eternity.cpp
  instance_dire_maul.cpp
  boss_alysrazor.cpp
  boss_baleroc.cpp
  firelands.cpp
  instance_firelands.cpp
  boss_anraphet.cpp
  boss_earthrager_ptah.cpp
  MailHandler.cpp
  MiscHandler.cpp
  MovementHandler.cpp
  NPCHandler.cpp
  NeighborhoodHandler.cpp
  boss_temple_guardian_anhuur.cpp
  halls_of_origination.cpp
  instance_halls_of_origination.cpp
  boss_general_husam.cpp
  boss_lockmaw.cpp
  instance_lost_city_of_the_tolvir.cpp
  boss_celebras_the_cursed.cpp
  PerksProgramHandler.cpp
  boss_landslide.cpp
  boss_noxxion.cpp
  boss_princess_theradras.cpp
  instance_maraudon.cpp
  boss_onyxia.cpp
  instance_onyxias_lair.cpp
  boss_adarogg.cpp
  boss_dark_shaman_koranthal.cpp
  boss_lava_guard_gordoth.cpp
  boss_slagmaw.cpp
  instance_ragefire_chasm.cpp
  ragefire_chasm.cpp
  boss_amnennar_the_coldbringer.cpp
  boss_glutton.cpp
  PetHandler.cpp
  boss_mordresh_fire_eye.cpp
  boss_tuten_kash.cpp
  instance_razorfen_downs.cpp
  PetitionsHandler.cpp
  razorfen_downs.cpp
  instance_razorfen_kraul.cpp
  razorfen_kraul.cpp
  boss_ayamiss.cpp
  boss_buru.cpp
  boss_kurinnaxx.cpp
  boss_moam.cpp
  boss_ossirian.cpp
  boss_rajaxx.cpp
  instance_ruins_of_ahnqiraj.cpp
  ruins_of_ahnqiraj.cpp
  boss_bug_trio.cpp
  QueryHandler.cpp
  QuestHandler.cpp
  boss_cthun.cpp
  boss_fankriss.cpp
  boss_huhuran.cpp
  boss_ouro.cpp
  RecentAllyHandler.cpp
  boss_sartura.cpp
  boss_skeram.cpp
  boss_twinemperors.cpp
  boss_viscidus.cpp
  instance_temple_of_ahnqiraj.cpp
  mob_anubisath_sentinel.cpp
  temple_of_ahnqiraj.cpp
  instance_throne_of_the_four_winds.cpp
  instance_vortex_pinnacle.cpp
  vortex_pinnacle.cpp
  ReferAFriendHandler.cpp
  instance_wailing_caverns.cpp
  wailing_caverns.cpp
  ScenarioHandler.cpp
  boss_zum_rah.cpp
  instance_zulfarrak.cpp
  SceneHandler.cpp
  SkillHandler.cpp
  zulfarrak.cpp
  karesh_script_loader.cpp
  boss_azhiccar.cpp
  SocialHandler.cpp
  instance_ecodome_aldani.cpp
  campaign_visions_of_a_shadowed_sun.cpp
  khaz_algar_script_loader.cpp
  zone_dornogal.cpp
  boss_orator_krix_vizk.cpp
  instance_city_of_threads.cpp
  boss_the_candle_king.cpp
  instance_darkflame_cleft.cpp
  delves_common.cpp
  npc_brann_bronzebeard_delves.cpp
  npc_delve_entrance.cpp
  instance_atal_aman_delve.cpp
  SpellHandler.cpp
  TaxiHandler.cpp
  instance_earthcrawl_mines.cpp
  instance_fungal_folly.cpp
  instance_kriegvals_rest.cpp
  instance_mycomancer_cavern.cpp
  instance_nightfall_sanctum.cpp
  instance_skittering_breach.cpp
  TicketHandler.cpp
  TokenHandler.cpp
  instance_tak_rethan_abyss.cpp
  instance_the_dread_pit.cpp
  instance_shadow_enclave_delve.cpp
  instance_the_sinkhole.cpp
  instance_the_spiral_weave.cpp
  ToyHandler.cpp
  instance_the_underkeep.cpp
  instance_the_waterworks.cpp
  instance_zekvirs_lair.cpp
  zone_isle_of_dorn.cpp
  boss_ulgrax_the_devourer.cpp
  TradeHandler.cpp
  TraitHandler.cpp
  TransmogrificationHandler.cpp
  VehicleHandler.cpp
  WeeklyRewardHandler.cpp
  HouseInteriorMap.cpp
  Housing.cpp
  HousingMap.cpp
  HousingMgr.cpp
  instance_nerubar_palace.cpp
  boss_edna.cpp
  boss_skarmorak.cpp
  instance_the_stonevault.cpp
  InitiativeManager.cpp
  kultiras_script_loader.cpp
  zone_boralus.cpp
  drustvar_chapter_1_the_final_effigy.cpp
  drustvar_chapter_2_the_burden_of_proof.cpp
  drustvar_chapter_3_an_airtight_alibi.cpp
  zone_drustvar.cpp
  boss_aqusirr.cpp
  boss_lord_stormsong.cpp
  boss_tidesage_council.cpp
  instance_shrine_of_the_storm.cpp
  boss_heartsbane_triad.cpp
  boss_lord_and_lady_waycrest.cpp
  boss_soulbound_goliath.cpp
  instance_waycrest_manor.cpp
  waycrest_manor.cpp
  kezan.cpp
  maelstrom_script_loader.cpp
  zone_deepholm.cpp
  boss_corborus.cpp
  Neighborhood.cpp
  boss_high_priestess_azil.cpp
  boss_ozruk.cpp
  boss_slabhide.cpp
  NeighborhoodCharter.cpp
  NeighborhoodMgr.cpp
  instance_stonecore.cpp
  stonecore.cpp
  northrend_script_loader.cpp
  InstanceLockMgr.cpp
  InstanceScript.cpp
  zone_borean_tundra.cpp
  InstanceScriptData.cpp
  enuminfo_InstanceScript.cpp
  LFGListMgr.cpp
  zone_dalaran.cpp
  Loot.cpp
  zone_dragonblight.cpp
  zone_grizzly_hills.cpp
  zone_howling_fjord.cpp
  zone_icecrown.cpp
  zone_sholazar_basin.cpp
  zone_storm_peaks.cpp
  zone_wintergrasp.cpp
  zone_zuldrak.cpp
  ahnkahet.cpp
  boss_amanitar.cpp
  boss_elder_nadox.cpp
  boss_herald_volazj.cpp
  boss_jedoga_shadowseeker.cpp
  boss_prince_taldaram.cpp
  instance_ahnkahet.cpp
  boss_anubarak.cpp
  boss_hadronox.cpp
  boss_krikthir_the_gatewatcher.cpp
  instance_azjol_nerub.cpp
  boss_sartharion.cpp
  LootItemStorage.cpp
  LootMgr.cpp
  Mail.cpp
  instance_obsidian_sanctum.cpp
  AreaBoundary.cpp
  obsidian_sanctum.cpp
  boss_baltharus_the_warborn.cpp
  DynamicMMapTileBuilder.cpp
  boss_general_zarithrian.cpp
  boss_halion.cpp
  boss_saviana_ragefire.cpp
  instance_ruby_sanctum.cpp
  ruby_sanctum.cpp
  GridMap.cpp
  Map.cpp
  MapManager.cpp
  boss_argent_challenge.cpp
  boss_black_knight.cpp
  boss_grand_champions.cpp
  instance_trial_of_the_champion.cpp
  trial_of_the_champion.cpp
  boss_anubarak_trial.cpp
  boss_faction_champions.cpp
  boss_lord_jaraxxus.cpp
  boss_northrend_beasts.cpp
  MapReference.cpp
  boss_twin_valkyr.cpp
  instance_trial_of_the_crusader.cpp
  MapScripts.cpp
  trial_of_the_crusader.cpp
  boss_king_dred.cpp
  MapUpdater.cpp
  boss_novos.cpp
  boss_tharon_ja.cpp
  boss_trollgore.cpp
  drak_tharon_keep.cpp
  instance_drak_tharon_keep.cpp
  boss_bronjahm.cpp
  boss_devourer_of_souls.cpp
  forge_of_souls.cpp
  instance_forge_of_souls.cpp
  boss_falric.cpp
  TerrainMgr.cpp
  TransportMgr.cpp
  boss_horAI.cpp
  boss_marwyn.cpp
  halls_of_reflection.cpp
  instance_halls_of_reflection.cpp
  boss_forgemaster_garfrost.cpp
  boss_krickandick.cpp
  boss_scourgelord_tyrannus.cpp
  instance_pit_of_saron.cpp
  pit_of_saron.cpp
  boss_drakkari_colossus.cpp
  boss_eck.cpp
  boss_gal_darah.cpp
  boss_moorabi.cpp
  boss_slad_ran.cpp
  instance_gundrak.cpp
  boss_blood_prince_council.cpp
  boss_blood_queen_lana_thel.cpp
  ZoneScript.cpp
  boss_deathbringer_saurfang.cpp
  boss_festergut.cpp
  boss_icecrown_gunship_battle.cpp
  boss_lady_deathwhisper.cpp
  boss_lord_marrowgar.cpp
  boss_professor_putricide.cpp
  boss_rotface.cpp
  boss_sindragosa.cpp
  boss_sister_svalna.cpp
  boss_the_lich_king.cpp
  boss_valithria_dreamwalker.cpp
  go_icecrown_citadel_teleport.cpp
  icecrown_citadel.cpp
  instance_icecrown_citadel.cpp
  enuminfo_SpawnData.cpp
  CommonHelpers.cpp
  CommonPredicates.cpp
  PerksProgramActivityMgr.cpp
  PerksProgramMgr.cpp
  boss_anubrekhan.cpp
  boss_faerlina.cpp
  boss_four_horsemen.cpp
  boss_gluth.cpp
  boss_gothik.cpp
  boss_grobbulus.cpp
  boss_heigan.cpp
  enuminfo_RaceMask.cpp
  enuminfo_SharedDefines.cpp
  AbstractFollower.cpp
  boss_kelthuzad.cpp
  boss_loatheb.cpp
  MotionMaster.cpp
  MovementDefines.cpp
  boss_maexxna.cpp
  MovementGenerator.cpp
  boss_noth.cpp
  boss_patchwerk.cpp
  boss_razuvious.cpp
  PathGenerator.cpp
  boss_sapphiron.cpp
  boss_thaddius.cpp
  instance_naxxramas.cpp
  naxxramas.cpp
  enuminfo_MovementDefines.cpp
  ChaseMovementGenerator.cpp
  ConfusedMovementGenerator.cpp
  boss_malygos.cpp
  instance_eye_of_eternity.cpp
  FleeingMovementGenerator.cpp
  boss_anomalus.cpp
  boss_keristrasza.cpp
  boss_magus_telestra.cpp
  FlightPathMovementGenerator.cpp
  boss_nexus_commanders.cpp
  boss_ormorok.cpp
  instance_nexus.cpp
  boss_drakos.cpp
  FollowMovementGenerator.cpp
  boss_eregos.cpp
  boss_urom.cpp
  boss_varos.cpp
  instance_oculus.cpp
  FormationMovementGenerator.cpp
  oculus.cpp
  boss_general_bjarngrim.cpp
  GenericMovementGenerator.cpp
  boss_ionar.cpp
  boss_loken.cpp
  boss_volkhan.cpp
  instance_halls_of_lightning.cpp
  HomeMovementGenerator.cpp
  boss_krystallus.cpp
  boss_maiden_of_grief.cpp
  boss_sjonnir.cpp
  halls_of_stone.cpp
  instance_halls_of_stone.cpp
  IdleMovementGenerator.cpp
  boss_algalon_the_observer.cpp
  PointMovementGenerator.cpp
  boss_assembly_of_iron.cpp
  boss_auriaya.cpp
  boss_flame_leviathan.cpp
  boss_freya.cpp
  RandomMovementGenerator.cpp
  boss_general_vezax.cpp
  SplineChainMovementGenerator.cpp
  WaypointMovementGenerator.cpp
  MoveSpline.cpp
  boss_hodir.cpp
  boss_ignis.cpp
  boss_kologarn.cpp
  boss_mimiron.cpp
  MoveSplineInit.cpp
  MovementUtil.cpp
  Spline.cpp
  boss_razorscale.cpp
  boss_thorim.cpp
  boss_xt002.cpp
  boss_yogg_saron.cpp
  instance_ulduar.cpp
  ulduar.cpp
  boss_ingvar_the_plunderer.cpp
  boss_keleseth.cpp
  boss_skarvald_dalronn.cpp
  instance_utgarde_keep.cpp
  utgarde_keep.cpp
  boss_palehoof.cpp
  boss_skadi.cpp
  boss_svala.cpp
  boss_ymiron.cpp
  instance_utgarde_pinnacle.cpp
  enuminfo_MoveSplineFlag.cpp
  utgarde_pinnacle.cpp
  WaypointManager.cpp
  OutdoorPvP.cpp
  boss_archavon.cpp
  boss_emalon.cpp
  boss_koralon.cpp
  OutdoorPvPMgr.cpp
  boss_toravon.cpp
  instance_vault_of_archavon.cpp
  PetitionMgr.cpp
  PersonalPhaseTracker.cpp
  boss_cyanigosa.cpp
  boss_erekem.cpp
  boss_ichoron.cpp
  PhaseShift.cpp
  boss_lavanthor.cpp
  PhasingHandler.cpp
  PoolMgr.cpp
  boss_moragg.cpp
  boss_xevozz.cpp
  boss_zuramat.cpp
  instance_violet_hold.cpp
  violet_hold.cpp
  OutdoorPvPHP.cpp
  OutdoorPvPNA.cpp
  QuestPools.cpp
  AreaPoiMgr.cpp
  OutdoorPvPSI.cpp
  OutdoorPvPScriptLoader.cpp
  OutdoorPvPTF.cpp
  OutdoorPvPZM.cpp
  boss_doomlord_kazzak.cpp
  boss_doomwalker.cpp
  outland_script_loader.cpp
  zone_blades_edge_mountains.cpp
  zone_hellfire_peninsula.cpp
  zone_nagrand.cpp
  zone_netherstorm.cpp
  QuestDef.cpp
  QuestMgr.cpp
  zone_shadowmoon_valley.cpp
  QuestObjectiveCriteriaMgr.cpp
  WorldQuestMgr.cpp
  enuminfo_QuestDef.cpp
  ReputationMgr.cpp
  zone_terokkar_forest.cpp
  zone_zangarmarsh.cpp
  InstanceScenario.cpp
  boss_exarch_maladaar.cpp
  boss_shirrak_the_dead_watcher.cpp
  instance_auchenai_crypts.cpp
  Scenario.cpp
  boss_nexusprince_shaffar.cpp
  boss_pandemonius.cpp
  instance_mana_tombs.cpp
  mana_tombs.cpp
  boss_anzu.cpp
  boss_darkweaver_syth.cpp
  boss_talon_king_ikiss.cpp
  instance_sethekk_halls.cpp
  boss_ambassador_hellmaw.cpp
  boss_blackheart_the_inciter.cpp
  boss_grandmaster_vorpil.cpp
  ScenarioMgr.cpp
  boss_murmur.cpp
  ScriptMgr.cpp
  instance_shadow_labyrinth.cpp
  shadow_labyrinth.cpp
  black_temple.cpp
  boss_gurtogg_bloodboil.cpp
  boss_illidan.cpp
  boss_illidari_council.cpp
  boss_mother_shahraz.cpp
  boss_reliquary_of_souls.cpp
  boss_shade_of_akama.cpp
  ScriptReloadMgr.cpp
  boss_supremus.cpp
  boss_teron_gorefiend.cpp
  boss_warlord_najentus.cpp
  ScriptSystem.cpp
  ScriptActions.cpp
  instance_black_temple.cpp
  boss_fathomlord_karathress.cpp
  boss_hydross_the_unstable.cpp
  boss_lady_vashj.cpp
  boss_leotheras_the_blind.cpp
  boss_lurker_below.cpp
  boss_morogrim_tidewalker.cpp
  instance_serpent_shrine.cpp
  boss_hydromancer_thespia.cpp
  boss_mekgineer_steamrigger.cpp
  boss_warlord_kalithresh.cpp
  instance_steam_vault.cpp
  steam_vault.cpp
  boss_ahune.cpp
  boss_mennu_the_betrayer.cpp
  boss_quagmirran.cpp
  Packet.cpp
  boss_rokmar_the_crackler.cpp
  WorldSession.cpp
  WorldSocket.cpp
  WorldSocketMgr.cpp
  AccountStorePackets.cpp
  AchievementPackets.cpp
  AddonPackets.cpp
  instance_the_slave_pens.cpp
  AdventureJournalPackets.cpp
  boss_hungarfen.cpp
  boss_swamplord_muselek.cpp
  boss_the_black_stalker.cpp
  AdventureMapPackets.cpp
  instance_the_underbog.cpp
  AreaTriggerPackets.cpp
  ArtifactPackets.cpp
  AuctionHousePackets.cpp
  AuthenticationPackets.cpp
  boss_gruul.cpp
  boss_high_king_maulgar.cpp
  instance_gruuls_lair.cpp
  boss_broggok.cpp
  boss_kelidan_the_breaker.cpp
  boss_the_maker.cpp
  instance_blood_furnace.cpp
  boss_omor_the_unscarred.cpp
  boss_vazruden_the_herald.cpp
  boss_watchkeeper_gargolmar.cpp
  instance_hellfire_ramparts.cpp
  boss_magtheridon.cpp
  instance_magtheridons_lair.cpp
  boss_nethekurse.cpp
  boss_warbringer_omrogg.cpp
  boss_warchief_kargath_bladefist.cpp
  instance_shattered_halls.cpp
  shattered_halls.cpp
  boss_alar.cpp
  boss_astromancer.cpp
  boss_kaelthas.cpp
  boss_void_reaver.cpp
  AzeritePackets.cpp
  BankPackets.cpp
  BattlePayPackets.cpp
  BattlePetPackets.cpp
  BattlegroundPackets.cpp
  instance_the_eye.cpp
  boss_gatewatcher_gyrokill.cpp
  boss_gatewatcher_ironhand.cpp
  BattlenetPackets.cpp
  BlackMarketPackets.cpp
  CalendarPackets.cpp
  ChallengeModePackets.cpp
  boss_mechano_lord_capacitus.cpp
  ChannelPackets.cpp
  CharacterPackets.cpp
  ChatPackets.cpp
  ClientConfigPackets.cpp
  ClubFinderPackets.cpp
  CollectionPackets.cpp
  CombatLogPackets.cpp
  boss_nethermancer_sepethrea.cpp
  boss_pathaleon_the_calculator.cpp
  instance_mechanar.cpp
  arcatraz.cpp
  boss_dalliah_the_doomsayer.cpp
  boss_harbinger_skyriss.cpp
  boss_wrath_scryer_soccothrates.cpp
  boss_zereketh_the_unbound.cpp
  instance_arcatraz.cpp
  boss_commander_sarannis.cpp
  boss_high_botanist_freywinn.cpp
  boss_laj.cpp
  boss_thorngrin_the_tender.cpp
  boss_warp_splinter.cpp
  instance_the_botanica.cpp
  pandaria_scripts_loader.cpp
  zone_the_jade_forest.cpp
  zone_the_wandering_isle.cpp
  pet_battle_trainer.cpp
  pet_dk.cpp
  pet_generic.cpp
  pet_hunter.cpp
  pet_mage.cpp
  pet_priest.cpp
  pet_script_loader.cpp
  pet_shaman.cpp
  quel_thalas_script_loader.cpp
  zone_silvermoon_city_midnight.cpp
  harandar_chapter_1_of_craves_and_cradles.cpp
  boss_kystia_manaheart.cpp
  instance_murder_row.cpp
  shadowlands_script_loader.cpp
  spell_covenant.cpp
  boss_sylvanas_windrunner.cpp
  instance_sanctum_of_domination.cpp
  boss_anduin_wrynn.cpp
  CombatLogPacketsCommon.cpp
  CombatPackets.cpp
  CommentatorPackets.cpp
  ContentTrackingPackets.cpp
  ContributionPackets.cpp
  CovenantPackets.cpp
  CraftingOrderPackets.cpp
  CraftingPacketsCommon.cpp
  instance_sepulcher_of_the_first_ones.cpp
  spell_torghast.cpp
  spell_azerite.cpp
  spell_dh.cpp
  spell_dk.cpp
  spell_dragonriding.cpp
  spell_druid.cpp
  DelvesPackets.cpp
  spell_evoker.cpp
  spell_generic.cpp
  spell_housing.cpp
  DuelPackets.cpp
  EquipmentSetPackets.cpp
  spell_hunter.cpp
  GameObjectPackets.cpp
  GarrisonPackets.cpp
  spell_item.cpp
  spell_mage.cpp
  spell_monk.cpp
  spell_paladin.cpp
  spell_pet.cpp
  spell_priest.cpp
  spell_quest.cpp
  spell_rogue.cpp
  spell_script_loader.cpp
  spell_shaman.cpp
  spell_warlock.cpp
  GuildPackets.cpp
  HotfixPackets.cpp
  HousingPackets.cpp
  spell_warrior.cpp
  achievement_scripts.cpp
  action_ip_logger.cpp
  areatrigger_scripts.cpp
  at_housing_plot.cpp
  InspectPackets.cpp
  InstancePackets.cpp
  ItemPackets.cpp
  ItemPacketsCommon.cpp
  LFGListPackets.cpp
  boss_emerald_dragons.cpp
  boosted_xp.cpp
  chat_log.cpp
  conversation_scripts.cpp
  duel_reset.cpp
  go_housing_door.cpp
  LFGPackets.cpp
  LFGPacketsCommon.cpp
  LootPackets.cpp
  go_scripts.cpp
  MailPackets.cpp
  MiscPackets.cpp
  item_scripts.cpp
  npc_guard.cpp
  npc_housing_steward.cpp
  MovementPackets.cpp
  npc_professions.cpp
  npcs_special.cpp
  scene_scripts.cpp
  MythicPlusPacketsCommon.cpp
  NPCPackets.cpp
  PacketUtilities.cpp
  PartyPackets.cpp
  PerksProgramPackets.cpp
  world_script_loader.cpp
  zandalar_script_loader.cpp
  boss_priestess_alun_za.cpp
  boss_rezan.cpp
  boss_volkaal.cpp
  PerksProgramPacketsCommon.cpp
  instance_atal_dazar.cpp
  PetPackets.cpp
  PetitionPackets.cpp
  boss_golden_serpent.cpp
  QueryPackets.cpp
  QuestPackets.cpp
  RecentAllyPackets.cpp
  ReferAFriendPackets.cpp
  ReputationPackets.cpp
  instance_kings_rest.cpp
  kings_rest.cpp
  boss_cragmaw_the_infested.cpp
  boss_elder_leaxa.cpp
  boss_sporecaller_zancha.cpp
  ScenarioPackets.cpp
  ScenePackets.cpp
  instance_underrot.cpp
  ScriptLoader.cpp
  SocialPackets.cpp
  SpellPackets.cpp
  SystemPackets.cpp
  TalentPackets.cpp
  TaxiPackets.cpp
  TicketPackets.cpp
  TokenPackets.cpp
  TotemPackets.cpp
  ToyPackets.cpp
  TradePackets.cpp
  TraitPackets.cpp
  TraitPacketsCommon.cpp
  TransmogrificationPackets.cpp
  VehiclePackets.cpp
  VignettePackets.cpp
  WeeklyRewardsPackets.cpp
  WhoPackets.cpp
  WorldStatePackets.cpp
  Opcodes.cpp
  PacketLog.cpp
  ClubMembershipService.cpp
  ClubService.cpp
  ClubUtils.cpp
  WorldserverGameUtilitiesService.cpp
  WorldserverServiceDispatcher.cpp
  SkillDiscovery.cpp
  SkillExtraItems.cpp
  Spell.cpp
  SpellEffects.cpp
  SpellHistory.cpp
  SpellInfo.cpp
  SpellMgr.cpp
  SpellScript.cpp
  TraitMgr.cpp
  SpellAuraEffects.cpp
  SpellAuras.cpp
  WhoListStorage.cpp
  SupportMgr.cpp
  ChatTextBuilder.cpp
  CreatureTextMgr.cpp
  GameTime.cpp
  UpdateTime.cpp
  WowTime.cpp
  CharacterDatabaseCleaner.cpp
  PlayerDump.cpp
  TransmogMgr.cpp
  Weather.cpp
  WeatherMgr.cpp
  WeeklyRewardsMgr.cpp
  World.cpp
  WorldStateMgr.cpp
  WowTokenMgr.cpp
  scripts.vcxproj -> I:\tc_allsys\build\src\server\scripts\Release\scripts.lib
  game.vcxproj -> I:\tc_allsys\build\src\server\game\Release\game.lib
  Building Custom Rule I:/tc_allsys/src/server/worldserver/CMakeLists.txt
  cmake_pch.cxx
  Main.cpp
  CliRunnable.cpp
  RASession.cpp
  TCSoap.cpp
     Bibliothek "I:/tc_allsys/build/src/server/worldserver/Release/worldserver.lib" und Objekt "I:/tc_allsys/build/src/server/worldserver/Release/worldserver.exp" werden erstellt.
  worldserver.vcxproj -> I:\tc_allsys\build\bin\Release\worldserver.exe
  Der Befehl "pwsh.exe" ist entweder falsch geschrieben oder
  konnte nicht gefunden werden.
BUILD_EXIT=0
