MSBuild-Version 17.14.23+b0019275e für .NET Framework

  Detour.vcxproj -> I:\TrinityCore\_integration-all-systems\build\dep\recastnavigation\Detour\RelWithDebInfo\Detour.lib
  Recast.vcxproj -> I:\TrinityCore\_integration-all-systems\build\dep\recastnavigation\Recast\RelWithDebInfo\Recast.lib
  argon2.vcxproj -> I:\TrinityCore\_integration-all-systems\build\dep\argon2\RelWithDebInfo\argon2.lib
  fmt.vcxproj -> I:\TrinityCore\_integration-all-systems\build\dep\fmt\RelWithDebInfo\fmt.lib
  zlib.vcxproj -> I:\TrinityCore\_integration-all-systems\build\dep\zlib\RelWithDebInfo\zlib.lib
  g3dlib.vcxproj -> I:\TrinityCore\_integration-all-systems\build\dep\g3dlite\RelWithDebInfo\g3dlib.lib
  openssl_ed25519.vcxproj -> I:\TrinityCore\_integration-all-systems\build\bin\RelWithDebInfo\openssl_ed25519.dll
  sfmt.vcxproj -> I:\TrinityCore\_integration-all-systems\build\dep\SFMT\RelWithDebInfo\sfmt.lib
  GitRevision.cpp
  common.vcxproj -> I:\TrinityCore\_integration-all-systems\build\src\common\RelWithDebInfo\common.lib
  database.vcxproj -> I:\TrinityCore\_integration-all-systems\build\src\server\database\RelWithDebInfo\database.lib
  mmaps_common.vcxproj -> I:\TrinityCore\_integration-all-systems\build\src\common\mmaps_common\RelWithDebInfo\mmaps_common.lib
  network.vcxproj -> I:\TrinityCore\_integration-all-systems\build\src\common\network\RelWithDebInfo\trinity_network.lib
  protobuf.vcxproj -> I:\TrinityCore\_integration-all-systems\build\dep\protobuf\RelWithDebInfo\protobuf.lib
  proto.vcxproj -> I:\TrinityCore\_integration-all-systems\build\src\server\proto\RelWithDebInfo\proto.lib
  shared.vcxproj -> I:\TrinityCore\_integration-all-systems\build\src\server\shared\RelWithDebInfo\shared.lib
  CriteriaHandler.cpp
  GameObject.cpp
  Player.cpp
  Garrison.cpp
  GarrisonMap.cpp
  GarrisonMgr.cpp
  GarrisonHandler.cpp
  MovementHandler.cpp
  SpellEffects.cpp
I:\TrinityCore\_integration-all-systems\src\server\game\Entities\GameObject\GameObject.cpp(3577,14): error C2196: Der case-Wert "45" wird bereits verwendet [I:\TrinityCore\_integration-all-systems\build\src\server\game\game.vcxproj]
  (Quelldatei „../../../../src/server/game/Entities/GameObject/GameObject.cpp“ wird kompiliert)
  
  gsoap.vcxproj -> I:\TrinityCore\_integration-all-systems\build\dep\gsoap\RelWithDebInfo\gsoap.lib
  orderhall_legion.cpp
  zone_orderhall_hunter.cpp
  cs_garrison.cpp
  garrison_generic.cpp
  garrison_invasion.cpp
  npc_garrison_bodyguard.cpp
  scripts.vcxproj -> I:\TrinityCore\_integration-all-systems\build\src\server\scripts\RelWithDebInfo\scripts.lib
