-- Selecting Windows SDK version 10.0.26100.0 to target Windows 10.0.26200.
-- The C compiler identification is MSVC 19.44.35220.0
-- The CXX compiler identification is MSVC 19.44.35220.0
-- Detecting C compiler ABI info
-- Detecting C compiler ABI info - done
-- Check for working C compiler: C:/Program Files/Microsoft Visual Studio/2022/Enterprise/VC/Tools/MSVC/14.44.35207/bin/Hostx64/x64/cl.exe - skipped
-- Detecting C compile features
-- Detecting C compile features - done
-- Detecting CXX compiler ABI info
-- Detecting CXX compiler ABI info - done
-- Check for working CXX compiler: C:/Program Files/Microsoft Visual Studio/2022/Enterprise/VC/Tools/MSVC/14.44.35207/bin/Hostx64/x64/cl.exe - skipped
-- Detecting CXX compile features
-- Detecting CXX compile features - done
-- Detected 64-bit platform
-- Detected amd64 processor architecture
-- MSVC: Minimum version required is 19.32, found 19.44.35220.0 - ok!
-- MSVC: Enabled increased number of sections in object files
-- MSVC: Overloaded standard names
-- MSVC: Disabled NON-SECURE warnings
-- MSVC: Disabled POSIX warnings
-- MSVC: Disabled generic compiletime warnings
-- Found Git: C:/Program Files/Git/mingw64/bin/git.exe (found suitable version "2.53.0.windows.3", minimum required is "1.7")
-- Found MySQL:   found components: binary
-- Found MySQL executable: C:/Program Files/MySQL/MySQL Server 9.4/bin/mysql.exe

* TrinityCore revision   : 95ed66129b0a 2026-07-21 08:51:49 +0200 (integration/all-systems branch)

* Install core to        : C:/Program Files/TrinityCore
* Install configs to     : C:/Program Files/TrinityCore

* Build world/auth       : Yes (default)
* Build with scripts     : Yes (static)
* Build map/vmap tools   : No
* Build unit tests       : No (default)
* Build core w/PCH       : Yes (default)
* Build scripts w/PCH    : Yes (default)
* Show all warnings      : No  (default)
* Stop build on warning  : No  (default)
* Use coreside debug     : No  (default)
* Show source tree       : Yes (hierarchical)
* Use GIT revision hash  : Yes (default)

-- Performing Test CMAKE_HAVE_LIBC_PTHREAD
-- Performing Test CMAKE_HAVE_LIBC_PTHREAD - Failed
-- Looking for pthread_create in pthreads
-- Looking for pthread_create in pthreads - not found
-- Looking for pthread_create in pthread
-- Looking for pthread_create in pthread - not found
-- Found Threads: TRUE
-- Found OpenSSL: optimized;C:/libs/OpenSSL-Win64/lib/libcrypto.lib;debug;C:/libs/OpenSSL-Win64/lib/VC/x64/MDd/libcrypto.lib (found suitable version "3.5.1", minimum required is "3") found components: Crypto SSL
-- Found MySQL: C:/Program Files/MySQL/MySQL Server 9.4/lib/libmysql.lib  found components: lib
-- Found MySQL version: "9.4.0", minimum required is "8.0.34"
-- Found MySQL library: C:/Program Files/MySQL/MySQL Server 9.4/lib/libmysql.lib
-- Found MySQL headers: C:/Program Files/MySQL/MySQL Server 9.4/include

* Script configuration (static):
    |
    +- worldserver
    |   +- Argus
    |   +- Battlefield
    |   +- Battlegrounds
    |   +- BrokenIsles
    |   +- Commands
    |   +- Custom
    |   +- Draenor
    |   +- DragonIsles
    |   +- EasternKingdoms
    |   +- Events
    |   +- ExilesReach
    |   +- Kalimdor
    |   +- Karesh
    |   +- KhazAlgar
    |   +- KulTiras
    |   +- Maelstrom
    |   +- Northrend
    |   +- OutdoorPvP
    |   +- Outland
    |   +- Pandaria
    |   +- Pet
    |   +- QuelThalas
    |   +- Shadowlands
    |   +- Spells
    |   +- World
    |   +- Zandalar
    |

-- Configuring done (12.2s)
-- Generating done (2.6s)
-- Build files have been written to: I:/tc_allsys/build
